 *******************************************************************************
 **                                                                           **
 **                              MOPAC                                        **
 **                                                                           **
 *******************************************************************************
 **          Digital Object Identifier (DOI): 10.5281/zenodo.6511958          **
 **    Visit the DOI location for information on how to cite this program.    **
 *******************************************************************************

                              PM6-ORG CALCULATION RESULTS

 *******************************************************************************
 *  CALCULATION DONE:                                Fri Sep 20 19:20:20 2024  *
 *  PM6-ORG    - The PM6-ORG Hamiltonian to be used
 *  INVERT     - REVERSE ALL OPTIMIZATION FLAGS
 *  MOZYME     - USE LOCALIZED M.O.s IN SOLVING THE SCF EQUATIONS
 *
 *
 *
 *                 CHARGE ON SYSTEM = +2
 *
 *
 *
 *  EPS=78.4   - USE ANDREAS KLAMT'S COSMO IMPLICIT SOLVATION MODEL
 *  PRECISE    - TIGHTER CRITERIA TO BE USED
 *  THREADS    - INACTIVE (THREAD CONTROLS DISABLED)
 *  T=         - A TIME OF 172800.0 SECONDS REQUESTED
 *  DUMP=N     - RESTART FILE WRITTEN EVERY 7200.0 SECONDS REQUESTED
 *  OUTPUT     - MINIMIZE OUTPUT
 *  HTML       - WRITE HTML SCRIPT TO READ PDB FILE USING JSMOL
 *******************************************************************************
MOZYME  EPS=78.4 PRECISE HTML OUTPUT THREADS=1 PM6-ORG  CHARGE=2 invert
 C145G

 

 General Reference for PM6-ORG:
 "A semiempirical method optimized for modeling proteins", J. J. P. Stewart and A. C. Stewart
 Journal of Molecular Modeling (2023) 29:284 https://doi.org/10.1007/s00894-023-05695-1

           Empirical Formula: C407 H646 N107 O126 S8 Cl  =  1295 atoms

 

   Ion     <--------PDB Label------->   Charge     Distance        PDB label for Salt Bridge   Charge

    1     (ATOM    111  NE  ARG A  40)   +1         2.63         (ATOM   1112  OD1 ASP A 187)   -1
    2     (ATOM    813  NE2 HIS A 163)   +1         2.87         (ATOM    865  OE2 GLU A 166)   -1

                 All other ions
 
    1     (ATOM    616  NZ  LYS A 137)   +1
    2     (ATOM    830  CE1 HIS A 164)   +1
    3     (ATOM   1126  CZ  ARG A 188)   +1
    4     (HETATM 1225  N   SER B   1)   +1
 
    1     (ATOM    224  OE2 GLU A  47)   -1
    2     (ATOM    238  OD2 ASP A  48)   -1

          COMPUTED CHARGE ON SYSTEM: +2, THIS IS THE SAME AS THE CHARGE DEFINED IN THE DATA-SET.

          Geometry optimization using EF

          DIAGONAL MATRIX USED AS START HESSIAN

 CYCLE:     1 TIME:1142.875 TIME LEFT:  1.99D  GRAD.:   133.911 HEAT: -6807.314
 CYCLE:     2 TIME:  45.039 TIME LEFT:  1.99D  GRAD.:   106.145 HEAT: -6829.935
 CYCLE:     3 TIME: 140.258 TIME LEFT:  1.98D  GRAD.:    29.427 HEAT: -6843.117
 CYCLE:     4 TIME: 338.109 TIME LEFT:  1.98D  GRAD.:    14.231 HEAT: -6843.837
 CYCLE:     5 TIME: 113.273 TIME LEFT:  1.98D  GRAD.:     8.424 HEAT: -6843.999
 CYCLE:     6 TIME: 139.094 TIME LEFT:  1.98D  GRAD.:     5.302 HEAT: -6844.182
 CYCLE:     7 TIME: 146.961 TIME LEFT:  1.98D  GRAD.:     3.053 HEAT: -6844.266
 CYCLE:     8 TIME:  78.883 TIME LEFT:  1.98D  GRAD.:     0.762 HEAT: -6844.280

     GRADIENT =  0.76195 IS LESS THAN CUTOFF =  1.00000



 -------------------------------------------------------------------------------
 MOZYME  EPS=78.4 PRECISE HTML OUTPUT THREADS=1 PM6-ORG  CHARGE=2 invert
 C145G



     GEOMETRY OPTIMISED USING EIGENVECTOR FOLLOWING (EF).     
     SCF FIELD WAS ACHIEVED                                   


                              PM6-ORG CALCULATION
                                                       MOPAC 
                                                       Fri Sep 20 19:56:48 2024




          FINAL HEAT OF FORMATION =      -6844.27917 KCAL/MOL =  -28636.46406 KJ/MOL
          VAN DER WAALS AREA      =       3454.89 SQUARE ANGSTROMS



          DIELECTRIC ENERGY       =        -29.19779 EV
          COSMO AREA              =       3454.89 SQUARE ANGSTROMS
          COSMO VOLUME            =      10736.75 CUBIC ANGSTROMS

          GRADIENT NORM           =          0.76195          =       0.02117 PER ATOM
          NO. OF FILLED LEVELS    =       1809
          MOLECULAR WEIGHT        =       9346.1547

          MOLECULAR DIMENSIONS (Angstroms)

            Atom       Atom       Distance
            H   564    H   320    38.05369
            H  1062    H    43    29.87435
            O   890    H   423    24.64198


          SCF CALCULATIONS        =          9
 
          WALL-CLOCK TIME         =         36 MINUTES AND 27.922 SECONDS
          COMPUTATION TIME        =         10 MINUTES AND 31.562 SECONDS

           Empirical Formula: C407 H646 N107 O126 S8 Cl  =  1295 atoms


          NET CHARGE ON RESIDUES

      Residue         Charge  Anion or
                              Cation?
      THR A  24       -0.064
      THR A  25       +0.040
      THR A  26       -0.015
      LEU A  27       +0.001
      ASN A  28       +0.021
      CYS A  38       -0.004
      PRO A  39       -0.046
      ARG A  40       +0.965  CATION
      HIS A  41       -0.028
      VAL A  42       +0.049
      ILE A  43       -0.008
      CYS A  44       -0.057
      THR A  45       -0.017
      SER A  46       -0.023
      GLU A  47       -0.950  ANION
      ASP A  48       -0.927  ANION
      MET A  49       -0.087
      LEU A  50       +0.078
      ASN A  51       -0.006
      PRO A  52       +0.038
      ASN A  53       -0.025
      TYR A  54       +0.022
      LEU A  57       -0.004
      MET A  82       +0.002
      ASN A  84       +0.028
      CYS A  85       -0.108
      VAL A  86       +0.053
      LEU A  87       +0.029
      VAL A 114       -0.009
      LEU A 115       -0.023
      ALA A 116       +0.006
      CYS A 117       -0.041
      TYR A 118       +0.094
      ASN A 119       -0.040
      SER A 123       -0.005
      TYR A 126       -0.008
      THR A 135       +0.035
      ILE A 136       -0.016
      LYS A 137       +0.979  CATION
      GLY A 138       +0.031
      SER A 139       -0.048
      PHE A 140       -0.027
      LEU A 141       +0.002
      ASN A 142       +0.089
      GLY A 143       -0.013
      SER A 144       +0.006
      CYS A 145       +0.024
      GLY A 146       -0.009
      SER A 147       -0.084
      VAL A 148       +0.103
      TYR A 161       +0.031
      MET A 162       -0.094
      HIS A 163       +1.024  CATION
      HIS A 164       +0.928  CATION
      MET A 165       -0.052
      GLU A 166       -0.830  ANION
      LEU A 167       +0.030
      PRO A 168       -0.012
      THR A 169       -0.014
      GLY A 170       -0.034
      VAL A 171       +0.021
      HIS A 172       +0.017
      ALA A 173       -0.027
      GLY A 174       +0.011
      THR A 175       +0.063
      GLY A 179       -0.045
      ASN A 180       +0.023
      PHE A 181       +0.009
      TYR A 182       +0.045
      PRO A 184       +0.004
      PHE A 185       -0.016
      VAL A 186       -0.002
      ASP A 187       -0.883  ANION
      ARG A 188       +0.910  CATION
      GLN A 189       +0.045
      THR A 190       -0.085
      ALA A 191       +0.057
      GLN A 192       +0.034
      DOD A 403       +0.003
      DOD A 405       -0.011
      DOD A 409       -0.001
      DOD A 422       -0.053
      DOD A 446       -0.012
      DOD A 447       -0.024
      DOD A 449       +0.004
      DOD A 451       -0.003
      SER B   1       +0.778  CATION
      GLY B   2       +0.051
      PHE B   3       +0.093
      LIG C 452       +0.012
 


                   Salt Bridges Found (Up to 8.0 Angstroms)

     No.          Cationic site                            Anionic site                Dist. (Angstroms)

      1  (HETATM 1221  N   SER B   1)    B1(+)    (ATOM    860  OE1 GLU A 166)  A166(-)      2.56
      2  (ATOM    111  NE  ARG A  40)   A40(+)    (ATOM   1108  OD1 ASP A 187)  A187(-)      2.63
      3  (ATOM    809  NE2 HIS A 163)  A163(+)    (ATOM    861  OE2 GLU A 166)  A166(-)      2.87
      4  (ATOM    824  ND1 HIS A 164)  A164(+)    (ATOM   1109  OD2 ASP A 187)  A187(-)      5.52
      5  (ATOM    616  NZ  LYS A 137)  A137(+)    (ATOM    860  OE1 GLU A 166)  A166(-)      5.90


 DIPOLE           X         Y         Z       TOTAL
 POINT-CHG.    32.054   112.655  -157.091   195.950
 HYBRID         2.633     8.912    -2.700     9.677
 SUM           34.687   121.567  -159.791   203.752

 **********************
 *                    *
 * JOB ENDED NORMALLY *
 *                    *
 **********************



 TOTAL JOB TIME:          2188.06 SECONDS

 == MOPAC DONE ==
