 *******************************************************************************
 **                                                                           **
 **                              MOPAC                                        **
 **                                                                           **
 *******************************************************************************
 **          Digital Object Identifier (DOI): 10.5281/zenodo.6511958          **
 **    Visit the DOI location for information on how to cite this program.    **
 *******************************************************************************

                              PM6-ORG CALCULATION RESULTS

 *******************************************************************************
 *  CALCULATION DONE:                                Fri Sep 20 19:20:25 2024  *
 *  PM6-ORG    - The PM6-ORG Hamiltonian to be used
 *  INVERT     - REVERSE ALL OPTIMIZATION FLAGS
 *  MOZYME     - USE LOCALIZED M.O.s IN SOLVING THE SCF EQUATIONS
 *
 *
 *
 *                 CHARGE ON SYSTEM = +3
 *
 *
 *
 *  EPS=78.4   - USE ANDREAS KLAMT'S COSMO IMPLICIT SOLVATION MODEL
 *  PRECISE    - TIGHTER CRITERIA TO BE USED
 *  THREADS    - INACTIVE (THREAD CONTROLS DISABLED)
 *  T=         - A TIME OF 172800.0 SECONDS REQUESTED
 *  DUMP=N     - RESTART FILE WRITTEN EVERY 7200.0 SECONDS REQUESTED
 *  OUTPUT     - MINIMIZE OUTPUT
 *  HTML       - WRITE HTML SCRIPT TO READ PDB FILE USING JSMOL
 *******************************************************************************
MOZYME  EPS=78.4 PRECISE HTML OUTPUT THREADS=1 PM6-ORG  CHARGE=3 invert
 D187G

 

 General Reference for PM6-ORG:
 "A semiempirical method optimized for modeling proteins", J. J. P. Stewart and A. C. Stewart
 Journal of Molecular Modeling (2023) 29:284 https://doi.org/10.1007/s00894-023-05695-1

           Empirical Formula: C406 H647 N107 O124 S9 Cl  =  1294 atoms

 

   Ion     <--------PDB Label------->   Charge     Distance        PDB label for Salt Bridge   Charge

    1     (ATOM    813  NE2 HIS A 163)   +1         2.87         (ATOM    865  OE2 GLU A 166)   -1

                 All other ions
 
    1     (ATOM    112  CZ  ARG A  40)   +1
    2     (ATOM    616  NZ  LYS A 137)   +1
    3     (ATOM    830  CE1 HIS A 164)   +1
    4     (ATOM   1126  CZ  ARG A 188)   +1
    5     (HETATM 1225  N   SER B   1)   +1
 
    1     (ATOM    224  OE2 GLU A  47)   -1
    2     (ATOM    238  OD2 ASP A  48)   -1

          COMPUTED CHARGE ON SYSTEM: +3, THIS IS THE SAME AS THE CHARGE DEFINED IN THE DATA-SET.

          Geometry optimization using EF

          DIAGONAL MATRIX USED AS START HESSIAN

 CYCLE:     1 TIME: 868.977 TIME LEFT:  1.99D  GRAD.:   132.772 HEAT: -6553.014
 CYCLE:     2 TIME: 189.266 TIME LEFT:  1.99D  GRAD.:   104.228 HEAT: -6575.835
 CYCLE:     3 TIME: 138.562 TIME LEFT:  1.99D  GRAD.:    37.450 HEAT: -6588.058
 CYCLE:     4 TIME: 290.977 TIME LEFT:  1.98D  GRAD.:    13.503 HEAT: -6589.087
 CYCLE:     5 TIME: 254.211 TIME LEFT:  1.98D  GRAD.:     4.683 HEAT: -6589.234
 CYCLE:     6 TIME:  90.133 TIME LEFT:  1.98D  GRAD.:     3.099 HEAT: -6589.270
 CYCLE:     7 TIME: 179.141 TIME LEFT:  1.98D  GRAD.:     2.081 HEAT: -6589.291
 CYCLE:     8 TIME:  82.414 TIME LEFT:  1.98D  GRAD.:     1.419 HEAT: -6589.298
 CYCLE:     9 TIME:  66.531 TIME LEFT:  1.97D  GRAD.:     1.099 HEAT: -6589.308
 CYCLE:    10 TIME:  54.352 TIME LEFT:  1.97D  GRAD.:     0.682 HEAT: -6589.310

     GRADIENT =  0.68160 IS LESS THAN CUTOFF =  1.00000



 -------------------------------------------------------------------------------
 MOZYME  EPS=78.4 PRECISE HTML OUTPUT THREADS=1 PM6-ORG  CHARGE=3 invert
 D187G



     GEOMETRY OPTIMISED USING EIGENVECTOR FOLLOWING (EF).     
     SCF FIELD WAS ACHIEVED                                   


                              PM6-ORG CALCULATION
                                                       MOPAC 
                                                       Fri Sep 20 19:58:03 2024




          FINAL HEAT OF FORMATION =      -6589.31008 KCAL/MOL =  -27569.67338 KJ/MOL
          VAN DER WAALS AREA      =       3454.89 SQUARE ANGSTROMS



          DIELECTRIC ENERGY       =        -32.21477 EV
          COSMO AREA              =       3454.89 SQUARE ANGSTROMS
          COSMO VOLUME            =      10736.75 CUBIC ANGSTROMS

          GRADIENT NORM           =          0.68160          =       0.01895 PER ATOM
          NO. OF FILLED LEVELS    =       1804
          MOLECULAR WEIGHT        =       9335.2128

          MOLECULAR DIMENSIONS (Angstroms)

            Atom       Atom       Distance
            H   564    H   320    38.05369
            H  1066    H    43    29.87435
            O   894    H   423    24.64198


          SCF CALCULATIONS        =         11
 
          WALL-CLOCK TIME         =         37 MINUTES AND 37.547 SECONDS
          COMPUTATION TIME        =         12 MINUTES AND 6.719 SECONDS

           Empirical Formula: C406 H647 N107 O124 S9 Cl  =  1294 atoms


          NET CHARGE ON RESIDUES

      Residue         Charge  Anion or
                              Cation?
      THR A  24       -0.054
      THR A  25       +0.021
      THR A  26       +0.000
      LEU A  27       -0.003
      ASN A  28       +0.021
      CYS A  38       +0.015
      PRO A  39       -0.024
      ARG A  40       +1.016  CATION
      HIS A  41       -0.088
      VAL A  42       +0.074
      ILE A  43       +0.001
      CYS A  44       -0.077
      THR A  45       -0.012
      SER A  46       -0.020
      GLU A  47       -0.943  ANION
      ASP A  48       -0.923  ANION
      MET A  49       -0.103
      LEU A  50       +0.089
      ASN A  51       +0.009
      PRO A  52       +0.010
      ASN A  53       +0.001
      TYR A  54       +0.012
      LEU A  57       -0.003
      MET A  82       +0.003
      ASN A  84       +0.052
      CYS A  85       -0.165
      VAL A  86       +0.067
      LEU A  87       +0.048
      VAL A 114       -0.009
      LEU A 115       -0.023
      ALA A 116       +0.007
      CYS A 117       -0.043
      TYR A 118       +0.097
      ASN A 119       -0.041
      SER A 123       -0.005
      TYR A 126       -0.008
      THR A 135       +0.035
      ILE A 136       -0.017
      LYS A 137       +0.981  CATION
      GLY A 138       +0.030
      SER A 139       -0.046
      PHE A 140       -0.027
      LEU A 141       +0.003
      ASN A 142       +0.092
      GLY A 143       -0.019
      SER A 144       +0.019
      CYS A 145       -0.001
      GLY A 146       +0.000
      SER A 147       -0.083
      VAL A 148       +0.105
      TYR A 161       +0.034
      MET A 162       -0.101
      HIS A 163       +1.038  CATION
      HIS A 164       +0.904  CATION
      MET A 165       -0.038
      GLU A 166       -0.827  ANION
      LEU A 167       +0.029
      PRO A 168       -0.011
      THR A 169       -0.013
      GLY A 170       -0.034
      VAL A 171       +0.021
      HIS A 172       +0.020
      ALA A 173       -0.029
      GLY A 174       +0.009
      THR A 175       +0.064
      GLY A 179       -0.049
      ASN A 180       +0.031
      PHE A 181       +0.003
      TYR A 182       +0.047
      PRO A 184       +0.013
      PHE A 185       -0.005
      VAL A 186       +0.040
      ASP A 187       -0.078
      ARG A 188       +0.947  CATION
      GLN A 189       +0.060
      THR A 190       -0.087
      ALA A 191       +0.064
      GLN A 192       +0.032
      DOD A 403       +0.003
      DOD A 405       -0.011
      DOD A 409       +0.002
      DOD A 422       -0.054
      DOD A 446       -0.008
      DOD A 447       -0.025
      DOD A 449       +0.004
      DOD A 451       -0.002
      SER B   1       +0.777  CATION
      GLY B   2       +0.051
      PHE B   3       +0.094
      LIG C 452       +0.015
 


                   Salt Bridges Found (Up to 8.0 Angstroms)

     No.          Cationic site                            Anionic site                Dist. (Angstroms)

      1  (HETATM 1220  N   SER B   1)    B1(+)    (ATOM    864  OE1 GLU A 166)  A166(-)      2.56
      2  (ATOM    813  NE2 HIS A 163)  A163(+)    (ATOM    865  OE2 GLU A 166)  A166(-)      2.87
      3  (ATOM    616  NZ  LYS A 137)  A137(+)    (ATOM    864  OE1 GLU A 166)  A166(-)      5.90


 DIPOLE           X         Y         Z       TOTAL
 POINT-CHG.    57.275    96.057  -139.473   178.774
 HYBRID         4.028     8.156    -1.448     9.211
 SUM           61.303   104.213  -140.921   185.680

 **********************
 *                    *
 * JOB ENDED NORMALLY *
 *                    *
 **********************



 TOTAL JOB TIME:          2257.65 SECONDS

 == MOPAC DONE ==
