 *******************************************************************************
 **                                                                           **
 **                              MOPAC                                        **
 **                                                                           **
 *******************************************************************************
 **          Digital Object Identifier (DOI): 10.5281/zenodo.6511958          **
 **    Visit the DOI location for information on how to cite this program.    **
 *******************************************************************************

                              PM6-ORG CALCULATION RESULTS

 *******************************************************************************
 *  CALCULATION DONE:                                Fri Sep 20 19:19:28 2024  *
 *  PM6-ORG    - The PM6-ORG Hamiltonian to be used
 *  INVERT     - REVERSE ALL OPTIMIZATION FLAGS
 *  MOZYME     - USE LOCALIZED M.O.s IN SOLVING THE SCF EQUATIONS
 *
 *
 *
 *                 CHARGE ON SYSTEM = +3
 *
 *
 *
 *  EPS=78.4   - USE ANDREAS KLAMT'S COSMO IMPLICIT SOLVATION MODEL
 *  PRECISE    - TIGHTER CRITERIA TO BE USED
 *  THREADS    - INACTIVE (THREAD CONTROLS DISABLED)
 *  T=         - A TIME OF 172800.0 SECONDS REQUESTED
 *  DUMP=N     - RESTART FILE WRITTEN EVERY 7200.0 SECONDS REQUESTED
 *  OUTPUT     - MINIMIZE OUTPUT
 *  HTML       - WRITE HTML SCRIPT TO READ PDB FILE USING JSMOL
 *******************************************************************************
MOZYME  EPS=78.4 PRECISE HTML OUTPUT THREADS=1 PM6-ORG  CHARGE=3 invert
 D187G (No ligand)

 

 General Reference for PM6-ORG:
 "A semiempirical method optimized for modeling proteins", J. J. P. Stewart and A. C. Stewart
 Journal of Molecular Modeling (2023) 29:284 https://doi.org/10.1007/s00894-023-05695-1

           Empirical Formula: C389 H634 N105 O123 S9  =  1260 atoms

 

   Ion     <--------PDB Label------->   Charge     Distance        PDB label for Salt Bridge   Charge

    1     (ATOM    813  NE2 HIS A 163)   +1         2.87         (ATOM    865  OE2 GLU A 166)   -1

                 All other ions
 
    1     (ATOM    112  CZ  ARG A  40)   +1
    2     (ATOM    616  NZ  LYS A 137)   +1
    3     (ATOM    830  CE1 HIS A 164)   +1
    4     (ATOM   1126  CZ  ARG A 188)   +1
    5     (HETATM 1225  N   SER B   1)   +1
 
    1     (ATOM    224  OE2 GLU A  47)   -1
    2     (ATOM    238  OD2 ASP A  48)   -1

          COMPUTED CHARGE ON SYSTEM: +3, THIS IS THE SAME AS THE CHARGE DEFINED IN THE DATA-SET.

          Geometry optimization using EF

          DIAGONAL MATRIX USED AS START HESSIAN

 CYCLE:     1 TIME: 306.000 TIME LEFT:  2.00D  GRAD.:   133.506 HEAT: -6513.097
 CYCLE:     2 TIME: 226.078 TIME LEFT:  1.99D  GRAD.:   104.540 HEAT: -6536.034
 CYCLE:     3 TIME: 190.156 TIME LEFT:  1.99D  GRAD.:    37.186 HEAT: -6548.311
 CYCLE:     4 TIME: 157.141 TIME LEFT:  1.99D  GRAD.:    13.314 HEAT: -6549.324
 CYCLE:     5 TIME: 263.648 TIME LEFT:  1.99D  GRAD.:     4.473 HEAT: -6549.466
 CYCLE:     6 TIME: 349.453 TIME LEFT:  1.98D  GRAD.:     2.992 HEAT: -6549.499
 CYCLE:     7 TIME: 120.117 TIME LEFT:  1.98D  GRAD.:     1.970 HEAT: -6549.519
 CYCLE:     8 TIME:  80.773 TIME LEFT:  1.98D  GRAD.:     1.389 HEAT: -6549.525
 CYCLE:     9 TIME: 146.930 TIME LEFT:  1.98D  GRAD.:     1.254 HEAT: -6549.533
 CYCLE:    10 TIME: 200.094 TIME LEFT:  1.98D  GRAD.:     0.668 HEAT: -6549.535

     GRADIENT =  0.66758 IS LESS THAN CUTOFF =  1.00000



 -------------------------------------------------------------------------------
 MOZYME  EPS=78.4 PRECISE HTML OUTPUT THREADS=1 PM6-ORG  CHARGE=3 invert
 D187G (No ligand)



     GEOMETRY OPTIMISED USING EIGENVECTOR FOLLOWING (EF).     
     SCF FIELD WAS ACHIEVED                                   


                              PM6-ORG CALCULATION
                                                       MOPAC 
                                                       Fri Sep 20 19:54:39 2024




          FINAL HEAT OF FORMATION =      -6549.53382 KCAL/MOL =  -27403.24951 KJ/MOL
          VAN DER WAALS AREA      =       3552.86 SQUARE ANGSTROMS



          DIELECTRIC ENERGY       =        -33.03319 EV
          COSMO AREA              =       3552.86 SQUARE ANGSTROMS
          COSMO VOLUME            =      10468.42 CUBIC ANGSTROMS

          GRADIENT NORM           =          0.66758          =       0.01881 PER ATOM
          NO. OF FILLED LEVELS    =       1752
          MOLECULAR WEIGHT        =       9038.4573

          MOLECULAR DIMENSIONS (Angstroms)

            Atom       Atom       Distance
            H   564    H   320    38.05369
            H  1066    H    43    29.87435
            O   894    H   423    24.64198


          SCF CALCULATIONS        =         11
 
          WALL-CLOCK TIME         =         35 MINUTES AND 10.680 SECONDS
          COMPUTATION TIME        =          9 MINUTES AND 20.562 SECONDS

           Empirical Formula: C389 H634 N105 O123 S9  =  1260 atoms


          NET CHARGE ON RESIDUES

      Residue         Charge  Anion or
                              Cation?
      THR A  24       -0.057
      THR A  25       +0.026
      THR A  26       -0.002
      LEU A  27       -0.003
      ASN A  28       +0.021
      CYS A  38       +0.015
      PRO A  39       -0.023
      ARG A  40       +1.015  CATION
      HIS A  41       -0.088
      VAL A  42       +0.074
      ILE A  43       +0.000
      CYS A  44       -0.077
      THR A  45       -0.015
      SER A  46       -0.013
      GLU A  47       -0.947  ANION
      ASP A  48       -0.925  ANION
      MET A  49       -0.101
      LEU A  50       +0.089
      ASN A  51       +0.009
      PRO A  52       +0.010
      ASN A  53       +0.001
      TYR A  54       +0.012
      LEU A  57       -0.003
      MET A  82       +0.003
      ASN A  84       +0.053
      CYS A  85       -0.165
      VAL A  86       +0.067
      LEU A  87       +0.048
      VAL A 114       -0.009
      LEU A 115       -0.024
      ALA A 116       +0.008
      CYS A 117       -0.043
      TYR A 118       +0.096
      ASN A 119       -0.041
      SER A 123       -0.005
      TYR A 126       -0.008
      THR A 135       +0.035
      ILE A 136       -0.017
      LYS A 137       +0.981  CATION
      GLY A 138       +0.030
      SER A 139       -0.044
      PHE A 140       -0.038
      LEU A 141       -0.008
      ASN A 142       +0.112
      GLY A 143       -0.021
      SER A 144       +0.020
      CYS A 145       -0.001
      GLY A 146       +0.001
      SER A 147       -0.084
      VAL A 148       +0.105
      TYR A 161       +0.034
      MET A 162       -0.099
      HIS A 163       +1.040  CATION
      HIS A 164       +0.904  CATION
      MET A 165       -0.043
      GLU A 166       -0.819  ANION
      LEU A 167       +0.030
      PRO A 168       -0.006
      THR A 169       -0.013
      GLY A 170       -0.034
      VAL A 171       +0.021
      HIS A 172       +0.020
      ALA A 173       -0.032
      GLY A 174       +0.010
      THR A 175       +0.065
      GLY A 179       -0.049
      ASN A 180       +0.031
      PHE A 181       +0.003
      TYR A 182       +0.047
      PRO A 184       +0.013
      PHE A 185       -0.004
      VAL A 186       +0.042
      ASP A 187       -0.093
      ARG A 188       +0.945  CATION
      GLN A 189       +0.080
      THR A 190       -0.089
      ALA A 191       +0.061
      GLN A 192       +0.031
      DOD A 403       +0.003
      DOD A 405       -0.011
      DOD A 409       +0.002
      DOD A 422       -0.054
      DOD A 446       -0.008
      DOD A 447       -0.025
      DOD A 449       +0.004
      DOD A 451       -0.002
      SER B   1       +0.781  CATION
      GLY B   2       +0.052
      PHE B   3       +0.092
 


                   Salt Bridges Found (Up to 8.0 Angstroms)

     No.          Cationic site                            Anionic site                Dist. (Angstroms)

      1  (HETATM 1220  N   SER B   1)    B1(+)    (ATOM    864  OE1 GLU A 166)  A166(-)      2.56
      2  (ATOM    813  NE2 HIS A 163)  A163(+)    (ATOM    865  OE2 GLU A 166)  A166(-)      2.87
      3  (ATOM    616  NZ  LYS A 137)  A137(+)    (ATOM    864  OE1 GLU A 166)  A166(-)      5.90


 DIPOLE           X         Y         Z       TOTAL
 POINT-CHG.    62.926    95.506  -146.217   185.635
 HYBRID         4.514     7.848    -2.118     9.298
 SUM           67.440   103.354  -148.334   192.959

 **********************
 *                    *
 * JOB ENDED NORMALLY *
 *                    *
 **********************



 TOTAL JOB TIME:          2110.99 SECONDS

 == MOPAC DONE ==
