 *******************************************************************************
 **                                                                           **
 **                              MOPAC                                        **
 **                                                                           **
 *******************************************************************************
 **          Digital Object Identifier (DOI): 10.5281/zenodo.6511958          **
 **    Visit the DOI location for information on how to cite this program.    **
 *******************************************************************************

                              PM6-ORG CALCULATION RESULTS

 *******************************************************************************
 *  CALCULATION DONE:                                Fri Sep 20 19:19:31 2024  *
 *  PM6-ORG    - The PM6-ORG Hamiltonian to be used
 *  INVERT     - REVERSE ALL OPTIMIZATION FLAGS
 *  MOZYME     - USE LOCALIZED M.O.s IN SOLVING THE SCF EQUATIONS
 *
 *
 *
 *                 CHARGE ON SYSTEM = +3
 *
 *
 *
 *  EPS=78.4   - USE ANDREAS KLAMT'S COSMO IMPLICIT SOLVATION MODEL
 *  PRECISE    - TIGHTER CRITERIA TO BE USED
 *  THREADS    - INACTIVE (THREAD CONTROLS DISABLED)
 *  T=         - A TIME OF 172800.0 SECONDS REQUESTED
 *  DUMP=N     - RESTART FILE WRITTEN EVERY 7200.0 SECONDS REQUESTED
 *  OUTPUT     - MINIMIZE OUTPUT
 *  HTML       - WRITE HTML SCRIPT TO READ PDB FILE USING JSMOL
 *******************************************************************************
MOZYME  EPS=78.4 PRECISE HTML OUTPUT THREADS=1 PM6-ORG  CHARGE=3 invert
 E166G (No ligand)

 

 General Reference for PM6-ORG:
 "A semiempirical method optimized for modeling proteins", J. J. P. Stewart and A. C. Stewart
 Journal of Molecular Modeling (2023) 29:284 https://doi.org/10.1007/s00894-023-05695-1

           Empirical Formula: C388 H632 N105 O123 S9  =  1257 atoms

 

   Ion     <--------PDB Label------->   Charge     Distance        PDB label for Salt Bridge   Charge

    1     (ATOM    111  NE  ARG A  40)   +1         2.63         (ATOM   1112  OD1 ASP A 187)   -1

                 All other ions
 
    1     (ATOM    616  NZ  LYS A 137)   +1
    2     (ATOM    812  CE1 HIS A 163)   +1
    3     (ATOM    830  CE1 HIS A 164)   +1
    4     (ATOM   1126  CZ  ARG A 188)   +1
    5     (HETATM 1225  N   SER B   1)   +1
 
    1     (ATOM    224  OE2 GLU A  47)   -1
    2     (ATOM    238  OD2 ASP A  48)   -1

          COMPUTED CHARGE ON SYSTEM: +3, THIS IS THE SAME AS THE CHARGE DEFINED IN THE DATA-SET.

          Geometry optimization using EF

          DIAGONAL MATRIX USED AS START HESSIAN

 CYCLE:     1 TIME: 583.617 TIME LEFT:  1.99D  GRAD.:   129.637 HEAT: -6557.706
 CYCLE:     2 TIME: 154.898 TIME LEFT:  1.99D  GRAD.:   108.395 HEAT: -6575.928
 CYCLE:     3 TIME: 240.242 TIME LEFT:  1.99D  GRAD.:    11.593 HEAT: -6593.097
 CYCLE:     4 TIME: 287.039 TIME LEFT:  1.99D  GRAD.:     8.907 HEAT: -6594.631
 CYCLE:     5 TIME: 111.852 TIME LEFT:  1.98D  GRAD.:     5.086 HEAT: -6595.206
 CYCLE:     6 TIME: 225.852 TIME LEFT:  1.98D  GRAD.:     3.425 HEAT: -6595.336
 CYCLE:     7 TIME: 147.055 TIME LEFT:  1.98D  GRAD.:     0.739 HEAT: -6595.505

     GRADIENT =  0.73914 IS LESS THAN CUTOFF =  1.00000



 -------------------------------------------------------------------------------
 MOZYME  EPS=78.4 PRECISE HTML OUTPUT THREADS=1 PM6-ORG  CHARGE=3 invert
 E166G (No ligand)



     GEOMETRY OPTIMISED USING EIGENVECTOR FOLLOWING (EF).     
     SCF FIELD WAS ACHIEVED                                   


                              PM6-ORG CALCULATION
                                                       MOPAC 
                                                       Fri Sep 20 19:50:29 2024




          FINAL HEAT OF FORMATION =      -6595.50506 KCAL/MOL =  -27595.59317 KJ/MOL
          VAN DER WAALS AREA      =       3566.39 SQUARE ANGSTROMS



          DIELECTRIC ENERGY       =        -36.43279 EV
          COSMO AREA              =       3566.39 SQUARE ANGSTROMS
          COSMO VOLUME            =      10418.73 CUBIC ANGSTROMS

          GRADIENT NORM           =          0.73914          =       0.02085 PER ATOM
          NO. OF FILLED LEVELS    =       1749
          MOLECULAR WEIGHT        =       9024.4305

          MOLECULAR DIMENSIONS (Angstroms)

            Atom       Atom       Distance
            H   564    H   320    38.05369
            H  1058    H    43    29.87435
            O   886    H   423    24.64198


          SCF CALCULATIONS        =          8
 
          WALL-CLOCK TIME         =         30 MINUTES AND 57.852 SECONDS
          COMPUTATION TIME        =          7 MINUTES AND 59.047 SECONDS

           Empirical Formula: C388 H632 N105 O123 S9  =  1257 atoms


          NET CHARGE ON RESIDUES

      Residue         Charge  Anion or
                              Cation?
      THR A  24       -0.062
      THR A  25       +0.039
      THR A  26       -0.012
      LEU A  27       +0.000
      ASN A  28       +0.020
      CYS A  38       +0.000
      PRO A  39       -0.052
      ARG A  40       +0.972  CATION
      HIS A  41       -0.036
      VAL A  42       +0.051
      ILE A  43       -0.006
      CYS A  44       -0.060
      THR A  45       -0.018
      SER A  46       -0.018
      GLU A  47       -0.950  ANION
      ASP A  48       -0.926  ANION
      MET A  49       -0.090
      LEU A  50       +0.080
      ASN A  51       -0.004
      PRO A  52       +0.035
      ASN A  53       -0.023
      TYR A  54       +0.021
      LEU A  57       -0.004
      MET A  82       +0.002
      ASN A  84       +0.031
      CYS A  85       -0.113
      VAL A  86       +0.053
      LEU A  87       +0.030
      VAL A 114       -0.008
      LEU A 115       -0.023
      ALA A 116       +0.004
      CYS A 117       -0.041
      TYR A 118       +0.094
      ASN A 119       -0.038
      SER A 123       -0.005
      TYR A 126       -0.008
      THR A 135       +0.040
      ILE A 136       -0.024
      LYS A 137       +0.999  CATION
      GLY A 138       +0.004
      SER A 139       -0.023
      PHE A 140       -0.060
      LEU A 141       +0.001
      ASN A 142       +0.112
      GLY A 143       -0.011
      SER A 144       +0.009
      CYS A 145       +0.006
      GLY A 146       +0.005
      SER A 147       -0.089
      VAL A 148       +0.105
      TYR A 161       +0.031
      MET A 162       -0.091
      HIS A 163       +1.026  CATION
      HIS A 164       +0.935  CATION
      MET A 165       -0.071
      GLU A 166       +0.105
      LEU A 167       +0.024
      PRO A 168       +0.001
      THR A 169       -0.006
      GLY A 170       -0.041
      VAL A 171       +0.034
      HIS A 172       -0.014
      ALA A 173       -0.022
      GLY A 174       +0.016
      THR A 175       +0.066
      GLY A 179       -0.045
      ASN A 180       +0.023
      PHE A 181       +0.009
      TYR A 182       +0.044
      PRO A 184       +0.007
      PHE A 185       -0.017
      VAL A 186       +0.002
      ASP A 187       -0.902  ANION
      ARG A 188       +0.908  CATION
      GLN A 189       +0.064
      THR A 190       -0.087
      ALA A 191       +0.058
      GLN A 192       +0.031
      DOD A 403       +0.003
      DOD A 405       -0.011
      DOD A 409       -0.001
      DOD A 422       -0.053
      DOD A 446       -0.012
      DOD A 447       -0.024
      DOD A 449       +0.004
      DOD A 451       -0.003
      SER B   1       +0.830  CATION
      GLY B   2       +0.067
      PHE B   3       +0.101
 


                   Salt Bridges Found (Up to 8.0 Angstroms)

     No.          Cationic site                            Anionic site                Dist. (Angstroms)

      1  (ATOM    111  NE  ARG A  40)   A40(+)    (ATOM   1104  OD1 ASP A 187)  A187(-)      2.63
      2  (ATOM    828  ND1 HIS A 164)  A164(+)    (ATOM   1105  OD2 ASP A 187)  A187(-)      5.52


 DIPOLE           X         Y         Z       TOTAL
 POINT-CHG.    12.250   136.507  -174.969   222.258
 HYBRID         1.776    10.006    -2.306    10.420
 SUM           14.026   146.513  -177.276   230.411

 **********************
 *                    *
 * JOB ENDED NORMALLY *
 *                    *
 **********************



 TOTAL JOB TIME:          1858.82 SECONDS

 == MOPAC DONE ==
