 *******************************************************************************
 **                                                                           **
 **                              MOPAC                                        **
 **                                                                           **
 *******************************************************************************
 **          Digital Object Identifier (DOI): 10.5281/zenodo.6511958          **
 **    Visit the DOI location for information on how to cite this program.    **
 *******************************************************************************

                              PM6-ORG CALCULATION RESULTS

 *******************************************************************************
 *  CALCULATION DONE:                                Fri Sep 20 19:19:56 2024  *
 *  PM6-ORG    - The PM6-ORG Hamiltonian to be used
 *  INVERT     - REVERSE ALL OPTIMIZATION FLAGS
 *  MOZYME     - USE LOCALIZED M.O.s IN SOLVING THE SCF EQUATIONS
 *
 *
 *
 *                 CHARGE ON SYSTEM = +2
 *
 *
 *
 *  EPS=78.4   - USE ANDREAS KLAMT'S COSMO IMPLICIT SOLVATION MODEL
 *  LET        - OVERRIDE SOME SAFETY CHECKS
 *  PRECISE    - TIGHTER CRITERIA TO BE USED
 *  THREADS    - INACTIVE (THREAD CONTROLS DISABLED)
 *  T=         - A TIME OF 172800.0 SECONDS REQUESTED
 *  DUMP=N     - RESTART FILE WRITTEN EVERY 7200.0 SECONDS REQUESTED
 *  OUTPUT     - MINIMIZE OUTPUT
 *  HTML       - WRITE HTML SCRIPT TO READ PDB FILE USING JSMOL
 *******************************************************************************
MOZYME  EPS=78.4 PRECISE HTML OUTPUT THREADS=1 PM6-ORG  CHARGE=2 invert let
 F140G (No ligand)

 

 General Reference for PM6-ORG:
 "A semiempirical method optimized for modeling proteins", J. J. P. Stewart and A. C. Stewart
 Journal of Molecular Modeling (2023) 29:284 https://doi.org/10.1007/s00894-023-05695-1

           Empirical Formula: C384 H629 N105 O125 S9  =  1252 atoms

 

   Ion     <--------PDB Label------->   Charge     Distance        PDB label for Salt Bridge   Charge

    1     (ATOM    111  NE  ARG A  40)   +1         2.63         (ATOM   1112  OD1 ASP A 187)   -1
    2     (ATOM    813  NE2 HIS A 163)   +1         2.87         (ATOM    865  OE2 GLU A 166)   -1

                 All other ions
 
    1     (ATOM    616  NZ  LYS A 137)   +1
    2     (ATOM    830  CE1 HIS A 164)   +1
    3     (ATOM   1126  CZ  ARG A 188)   +1
    4     (HETATM 1225  N   SER B   1)   +1
 
    1     (ATOM    224  OE2 GLU A  47)   -1
    2     (ATOM    238  OD2 ASP A  48)   -1

          COMPUTED CHARGE ON SYSTEM: +2, THIS IS THE SAME AS THE CHARGE DEFINED IN THE DATA-SET.

          Geometry optimization using EF

          DIAGONAL MATRIX USED AS START HESSIAN

 CYCLE:     1 TIME: 506.070 TIME LEFT:  1.99D  GRAD.:   129.777 HEAT: -6775.072
 CYCLE:     2 TIME: 299.836 TIME LEFT:  1.99D  GRAD.:   110.707 HEAT: -6791.807
 CYCLE:     3 TIME: 190.281 TIME LEFT:  1.99D  GRAD.:    54.261 HEAT: -6809.635
 CYCLE:     4 TIME: 172.594 TIME LEFT:  1.99D  GRAD.:    60.742 HEAT: -6810.198
 CYCLE:     5 TIME:  60.742 TIME LEFT:  1.99D  GRAD.:     7.285 HEAT: -6812.825
 CYCLE:     6 TIME: 295.836 TIME LEFT:  1.98D  GRAD.:     3.546 HEAT: -6812.888
 CYCLE:     7 TIME: 225.148 TIME LEFT:  1.98D  GRAD.:     2.606 HEAT: -6812.925
 CYCLE:     8 TIME: 224.641 TIME LEFT:  1.98D  GRAD.:     1.796 HEAT: -6812.947
 CYCLE:     9 TIME: 116.211 TIME LEFT:  1.98D  GRAD.:     0.835 HEAT: -6812.955

     GRADIENT =  0.83501 IS LESS THAN CUTOFF =  1.00000



 -------------------------------------------------------------------------------
 MOZYME  EPS=78.4 PRECISE HTML OUTPUT THREADS=1 PM6-ORG  CHARGE=2 invert let
 F140G (No ligand)



     GEOMETRY OPTIMISED USING EIGENVECTOR FOLLOWING (EF).     
     SCF FIELD WAS ACHIEVED                                   


                              PM6-ORG CALCULATION
                                                       MOPAC 
                                                       Fri Sep 20 19:55:41 2024




          FINAL HEAT OF FORMATION =      -6812.95546 KCAL/MOL =  -28505.40563 KJ/MOL
          VAN DER WAALS AREA      =       3610.78 SQUARE ANGSTROMS



          DIELECTRIC ENERGY       =        -30.00829 EV
          COSMO AREA              =       3610.78 SQUARE ANGSTROMS
          COSMO VOLUME            =      10455.06 CUBIC ANGSTROMS

          GRADIENT NORM           =          0.83501          =       0.02360 PER ATOM
          NO. OF FILLED LEVELS    =       1746
          MOLECULAR WEIGHT        =       9005.3616

          MOLECULAR DIMENSIONS (Angstroms)

            Atom       Atom       Distance
            H   564    H   320    38.05369
            H  1053    H    43    29.87435
            O   881    H   423    24.64198


          SCF CALCULATIONS        =         10
 
          WALL-CLOCK TIME         =         35 MINUTES AND 44.508 SECONDS
          COMPUTATION TIME        =          9 MINUTES AND 53.375 SECONDS

           Empirical Formula: C384 H629 N105 O125 S9  =  1252 atoms


          NET CHARGE ON RESIDUES

      Residue         Charge  Anion or
                              Cation?
      THR A  24       -0.064
      THR A  25       +0.040
      THR A  26       -0.014
      LEU A  27       +0.000
      ASN A  28       +0.021
      CYS A  38       -0.003
      PRO A  39       -0.048
      ARG A  40       +0.970  CATION
      HIS A  41       -0.036
      VAL A  42       +0.052
      ILE A  43       -0.007
      CYS A  44       -0.059
      THR A  45       -0.019
      SER A  46       -0.017
      GLU A  47       -0.952  ANION
      ASP A  48       -0.927  ANION
      MET A  49       -0.089
      LEU A  50       +0.080
      ASN A  51       -0.005
      PRO A  52       +0.037
      ASN A  53       -0.025
      TYR A  54       +0.022
      LEU A  57       -0.004
      MET A  82       +0.002
      ASN A  84       +0.029
      CYS A  85       -0.110
      VAL A  86       +0.053
      LEU A  87       +0.029
      VAL A 114       -0.014
      LEU A 115       -0.019
      ALA A 116       +0.008
      CYS A 117       -0.040
      TYR A 118       +0.090
      ASN A 119       -0.040
      SER A 123       -0.006
      TYR A 126       -0.006
      THR A 135       +0.032
      ILE A 136       -0.010
      LYS A 137       +0.969  CATION
      GLY A 138       +0.042
      SER A 139       -0.063
      PHE A 140       -0.029
      LEU A 141       -0.008
      ASN A 142       +0.105
      GLY A 143       -0.018
      SER A 144       +0.019
      CYS A 145       +0.004
      GLY A 146       -0.005
      SER A 147       -0.071
      VAL A 148       +0.098
      TYR A 161       +0.030
      MET A 162       -0.099
      HIS A 163       +1.042  CATION
      HIS A 164       +0.924  CATION
      MET A 165       -0.049
      GLU A 166       -0.832  ANION
      LEU A 167       +0.032
      PRO A 168       -0.008
      THR A 169       -0.014
      GLY A 170       -0.034
      VAL A 171       +0.019
      HIS A 172       +0.023
      ALA A 173       -0.030
      GLY A 174       +0.011
      THR A 175       +0.063
      GLY A 179       -0.045
      ASN A 180       +0.022
      PHE A 181       +0.008
      TYR A 182       +0.045
      PRO A 184       +0.005
      PHE A 185       -0.015
      VAL A 186       +0.002
      ASP A 187       -0.902  ANION
      ARG A 188       +0.909  CATION
      GLN A 189       +0.063
      THR A 190       -0.086
      ALA A 191       +0.055
      GLN A 192       +0.033
      DOD A 403       +0.003
      DOD A 405       -0.011
      DOD A 409       -0.001
      DOD A 422       -0.053
      DOD A 446       -0.012
      DOD A 447       -0.024
      DOD A 449       +0.004
      DOD A 451       -0.003
      SER B   1       +0.784  CATION
      GLY B   2       +0.052
      PHE B   3       +0.091
 


                   Salt Bridges Found (Up to 8.0 Angstroms)

     No.          Cationic site                            Anionic site                Dist. (Angstroms)

      1  (HETATM 1212  N   SER B   1)    B1(+)    (ATOM    851  OE1 GLU A 166)  A166(-)      2.56
      2  (ATOM    111  NE  ARG A  40)   A40(+)    (ATOM   1099  OD1 ASP A 187)  A187(-)      2.63
      3  (ATOM    800  NE2 HIS A 163)  A163(+)    (ATOM    852  OE2 GLU A 166)  A166(-)      2.87
      4  (ATOM    815  ND1 HIS A 164)  A164(+)    (ATOM   1100  OD2 ASP A 187)  A187(-)      5.52
      5  (ATOM    616  NZ  LYS A 137)  A137(+)    (ATOM    851  OE1 GLU A 166)  A166(-)      5.90


 DIPOLE           X         Y         Z       TOTAL
 POINT-CHG.    36.975   111.116  -162.596   200.378
 HYBRID         3.350     8.055    -3.066     9.247
 SUM           40.325   119.171  -165.662   208.019

 **********************
 *                    *
 * JOB ENDED NORMALLY *
 *                    *
 **********************



 TOTAL JOB TIME:          2144.66 SECONDS

 == MOPAC DONE ==
