 *******************************************************************************
 **                                                                           **
 **                              MOPAC                                        **
 **                                                                           **
 *******************************************************************************
 **          Digital Object Identifier (DOI): 10.5281/zenodo.6511958          **
 **    Visit the DOI location for information on how to cite this program.    **
 *******************************************************************************

                              PM6-ORG CALCULATION RESULTS

 *******************************************************************************
 *  CALCULATION DONE:                                Fri Sep 20 19:19:50 2024  *
 *  PM6-ORG    - The PM6-ORG Hamiltonian to be used
 *  INVERT     - REVERSE ALL OPTIMIZATION FLAGS
 *  MOZYME     - USE LOCALIZED M.O.s IN SOLVING THE SCF EQUATIONS
 *
 *
 *
 *                 CHARGE ON SYSTEM = +1
 *
 *
 *
 *  EPS=78.4   - USE ANDREAS KLAMT'S COSMO IMPLICIT SOLVATION MODEL
 *  PRECISE    - TIGHTER CRITERIA TO BE USED
 *  THREADS    - INACTIVE (THREAD CONTROLS DISABLED)
 *  T=         - A TIME OF 172800.0 SECONDS REQUESTED
 *  DUMP=N     - RESTART FILE WRITTEN EVERY 7200.0 SECONDS REQUESTED
 *  OUTPUT     - MINIMIZE OUTPUT
 *  HTML       - WRITE HTML SCRIPT TO READ PDB FILE USING JSMOL
 *******************************************************************************
MOZYME  EPS=78.4 PRECISE HTML OUTPUT THREADS=1 PM6-ORG  CHARGE=1 invert
 H163G (No ligand)

 

 General Reference for PM6-ORG:
 "A semiempirical method optimized for modeling proteins", J. J. P. Stewart and A. C. Stewart
 Journal of Molecular Modeling (2023) 29:284 https://doi.org/10.1007/s00894-023-05695-1

           Empirical Formula: C387 H630 N103 O125 S9  =  1254 atoms

 

   Ion     <--------PDB Label------->   Charge     Distance        PDB label for Salt Bridge   Charge

    1     (ATOM    111  NE  ARG A  40)   +1         2.63         (ATOM   1112  OD1 ASP A 187)   -1
    2     (HETATM 1225  N   SER B   1)   +1         2.56         (ATOM    864  OE1 GLU A 166)   -1

                 All other ions
 
    1     (ATOM    616  NZ  LYS A 137)   +1
    2     (ATOM    830  CE1 HIS A 164)   +1
    3     (ATOM   1126  CZ  ARG A 188)   +1
 
    1     (ATOM    224  OE2 GLU A  47)   -1
    2     (ATOM    238  OD2 ASP A  48)   -1

          COMPUTED CHARGE ON SYSTEM: +1, THIS IS THE SAME AS THE CHARGE DEFINED IN THE DATA-SET.

          Geometry optimization using EF

          DIAGONAL MATRIX USED AS START HESSIAN

 CYCLE:     1 TIME: 515.773 TIME LEFT:  1.99D  GRAD.:   132.227 HEAT: -6868.678
 CYCLE:     2 TIME: 170.344 TIME LEFT:  1.99D  GRAD.:   111.475 HEAT: -6885.710
 CYCLE:     3 TIME: 163.328 TIME LEFT:  1.99D  GRAD.:    47.395 HEAT: -6902.889
 CYCLE:     4 TIME:  62.922 TIME LEFT:  1.99D  GRAD.:    40.433 HEAT: -6904.074
 CYCLE:     5 TIME: 198.133 TIME LEFT:  1.99D  GRAD.:     5.429 HEAT: -6905.280
 CYCLE:     6 TIME:  71.031 TIME LEFT:  1.99D  GRAD.:     3.493 HEAT: -6905.330
 CYCLE:     7 TIME: 179.531 TIME LEFT:  1.98D  GRAD.:     2.144 HEAT: -6905.370
 CYCLE:     8 TIME:  89.070 TIME LEFT:  1.98D  GRAD.:     1.394 HEAT: -6905.374
 CYCLE:     9 TIME: 113.398 TIME LEFT:  1.98D  GRAD.:     0.562 HEAT: -6905.395

     GRADIENT =  0.56210 IS LESS THAN CUTOFF =  1.00000



 -------------------------------------------------------------------------------
 MOZYME  EPS=78.4 PRECISE HTML OUTPUT THREADS=1 PM6-ORG  CHARGE=1 invert
 H163G (No ligand)



     GEOMETRY OPTIMISED USING EIGENVECTOR FOLLOWING (EF).     
     SCF FIELD WAS ACHIEVED                                   


                              PM6-ORG CALCULATION
                                                       MOPAC 
                                                       Fri Sep 20 19:49:38 2024




          FINAL HEAT OF FORMATION =      -6905.39427 KCAL/MOL =  -28892.16963 KJ/MOL
          VAN DER WAALS AREA      =       3589.08 SQUARE ANGSTROMS



          DIELECTRIC ENERGY       =        -27.29100 EV
          COSMO AREA              =       3589.08 SQUARE ANGSTROMS
          COSMO VOLUME            =      10427.36 CUBIC ANGSTROMS

          GRADIENT NORM           =          0.56210          =       0.01587 PER ATOM
          NO. OF FILLED LEVELS    =       1748
          MOLECULAR WEIGHT        =       9014.3891

          MOLECULAR DIMENSIONS (Angstroms)

            Atom       Atom       Distance
            H   564    H   320    38.05369
            H  1055    H    43    29.87435
            O   883    H   423    24.64198


          SCF CALCULATIONS        =         10
 
          WALL-CLOCK TIME         =         29 MINUTES AND 48.180 SECONDS
          COMPUTATION TIME        =          8 MINUTES AND 47.078 SECONDS

           Empirical Formula: C387 H630 N103 O125 S9  =  1254 atoms


          NET CHARGE ON RESIDUES

      Residue         Charge  Anion or
                              Cation?
      THR A  24       -0.066
      THR A  25       +0.043
      THR A  26       -0.017
      LEU A  27       +0.001
      ASN A  28       +0.023
      CYS A  38       -0.008
      PRO A  39       -0.039
      ARG A  40       +0.965  CATION
      HIS A  41       -0.035
      VAL A  42       +0.053
      ILE A  43       -0.009
      CYS A  44       -0.058
      THR A  45       -0.021
      SER A  46       -0.015
      GLU A  47       -0.954  ANION
      ASP A  48       -0.927  ANION
      MET A  49       -0.086
      LEU A  50       +0.079
      ASN A  51       -0.007
      PRO A  52       +0.039
      ASN A  53       -0.026
      TYR A  54       +0.022
      LEU A  57       -0.004
      MET A  82       +0.001
      ASN A  84       +0.025
      CYS A  85       -0.104
      VAL A  86       +0.052
      LEU A  87       +0.028
      VAL A 114       -0.015
      LEU A 115       -0.017
      ALA A 116       +0.006
      CYS A 117       -0.034
      TYR A 118       +0.086
      ASN A 119       -0.040
      SER A 123       -0.006
      TYR A 126       -0.008
      THR A 135       +0.027
      ILE A 136       -0.004
      LYS A 137       +0.957  CATION
      GLY A 138       +0.050
      SER A 139       -0.065
      PHE A 140       -0.016
      LEU A 141       -0.008
      ASN A 142       +0.095
      GLY A 143       -0.027
      SER A 144       +0.026
      CYS A 145       +0.010
      GLY A 146       -0.017
      SER A 147       -0.046
      VAL A 148       +0.083
      TYR A 161       +0.019
      MET A 162       -0.124
      HIS A 163       +0.096
      HIS A 164       +0.900  CATION
      MET A 165       -0.002
      GLU A 166       -0.859  ANION
      LEU A 167       +0.032
      PRO A 168       -0.017
      THR A 169       -0.019
      GLY A 170       -0.033
      VAL A 171       +0.011
      HIS A 172       +0.043
      ALA A 173       -0.001
      GLY A 174       -0.014
      THR A 175       +0.053
      GLY A 179       -0.045
      ASN A 180       +0.020
      PHE A 181       +0.009
      TYR A 182       +0.046
      PRO A 184       +0.001
      PHE A 185       -0.011
      VAL A 186       +0.001
      ASP A 187       -0.900  ANION
      ARG A 188       +0.909  CATION
      GLN A 189       +0.061
      THR A 190       -0.085
      ALA A 191       +0.051
      GLN A 192       +0.036
      DOD A 403       +0.003
      DOD A 405       -0.011
      DOD A 409       -0.001
      DOD A 422       -0.053
      DOD A 446       -0.012
      DOD A 447       -0.024
      DOD A 449       +0.004
      DOD A 451       -0.003
      SER B   1       +0.786  CATION
      GLY B   2       +0.050
      PHE B   3       +0.087
 


                   Salt Bridges Found (Up to 8.0 Angstroms)

     No.          Cationic site                            Anionic site                Dist. (Angstroms)

      1  (HETATM 1214  N   SER B   1)    B1(+)    (ATOM    853  OE1 GLU A 166)  A166(-)      2.56
      2  (ATOM    111  NE  ARG A  40)   A40(+)    (ATOM   1101  OD1 ASP A 187)  A187(-)      2.63
      3  (ATOM    817  ND1 HIS A 164)  A164(+)    (ATOM   1102  OD2 ASP A 187)  A187(-)      5.52
      4  (ATOM    616  NZ  LYS A 137)  A137(+)    (ATOM    853  OE1 GLU A 166)  A166(-)      5.90


 DIPOLE           X         Y         Z       TOTAL
 POINT-CHG.    51.018   101.282  -146.411   185.195
 HYBRID         3.990     7.286    -2.849     8.782
 SUM           55.009   108.568  -149.261   192.592

 **********************
 *                    *
 * JOB ENDED NORMALLY *
 *                    *
 **********************



 TOTAL JOB TIME:          1788.66 SECONDS

 == MOPAC DONE ==
