 *******************************************************************************
 **                                                                           **
 **                              MOPAC                                        **
 **                                                                           **
 *******************************************************************************
 **          Digital Object Identifier (DOI): 10.5281/zenodo.6511958          **
 **    Visit the DOI location for information on how to cite this program.    **
 *******************************************************************************

                              PM6-ORG CALCULATION RESULTS

 *******************************************************************************
 *  CALCULATION DONE:                                Fri Sep 20 19:19:03 2024  *
 *  PM6-ORG    - The PM6-ORG Hamiltonian to be used
 *  INVERT     - REVERSE ALL OPTIMIZATION FLAGS
 *  MOZYME     - USE LOCALIZED M.O.s IN SOLVING THE SCF EQUATIONS
 *
 *
 *
 *                 CHARGE ON SYSTEM = +1
 *
 *
 *
 *  EPS=78.4   - USE ANDREAS KLAMT'S COSMO IMPLICIT SOLVATION MODEL
 *  PRECISE    - TIGHTER CRITERIA TO BE USED
 *  THREADS    - INACTIVE (THREAD CONTROLS DISABLED)
 *  T=         - A TIME OF 172800.0 SECONDS REQUESTED
 *  DUMP=N     - RESTART FILE WRITTEN EVERY 7200.0 SECONDS REQUESTED
 *  OUTPUT     - MINIMIZE OUTPUT
 *  HTML       - WRITE HTML SCRIPT TO READ PDB FILE USING JSMOL
 *******************************************************************************
MOZYME  EPS=78.4 PRECISE HTML OUTPUT THREADS=1 PM6-ORG  CHARGE=1 invert
 H163G

 

 General Reference for PM6-ORG:
 "A semiempirical method optimized for modeling proteins", J. J. P. Stewart and A. C. Stewart
 Journal of Molecular Modeling (2023) 29:284 https://doi.org/10.1007/s00894-023-05695-1

           Empirical Formula: C404 H643 N105 O126 S9 Cl  =  1288 atoms

 

   Ion     <--------PDB Label------->   Charge     Distance        PDB label for Salt Bridge   Charge

    1     (ATOM    111  NE  ARG A  40)   +1         2.63         (ATOM   1112  OD1 ASP A 187)   -1
    2     (HETATM 1225  N   SER B   1)   +1         2.56         (ATOM    864  OE1 GLU A 166)   -1

                 All other ions
 
    1     (ATOM    616  NZ  LYS A 137)   +1
    2     (ATOM    830  CE1 HIS A 164)   +1
    3     (ATOM   1126  CZ  ARG A 188)   +1
 
    1     (ATOM    224  OE2 GLU A  47)   -1
    2     (ATOM    238  OD2 ASP A  48)   -1

          COMPUTED CHARGE ON SYSTEM: +1, THIS IS THE SAME AS THE CHARGE DEFINED IN THE DATA-SET.

          Geometry optimization using EF

          DIAGONAL MATRIX USED AS START HESSIAN

 CYCLE:     1 TIME: 779.695 TIME LEFT:  1.99D  GRAD.:   132.202 HEAT: -6900.435
 CYCLE:     2 TIME: 204.062 TIME LEFT:  1.99D  GRAD.:   111.473 HEAT: -6917.502
 CYCLE:     3 TIME: 248.812 TIME LEFT:  1.99D  GRAD.:    47.388 HEAT: -6934.668
 CYCLE:     4 TIME: 284.852 TIME LEFT:  1.98D  GRAD.:    40.352 HEAT: -6935.733
 CYCLE:     5 TIME: 378.336 TIME LEFT:  1.98D  GRAD.:     5.290 HEAT: -6930.099
 CYCLE:     6 TIME: 258.891 TIME LEFT:  1.98D  GRAD.:     3.403 HEAT: -6929.820
 CYCLE:     7 TIME: 128.562 TIME LEFT:  1.97D  GRAD.:     2.032 HEAT: -6916.633
 CYCLE:     8 TIME:  42.547 TIME LEFT:  1.97D  GRAD.:     1.240 HEAT: -6918.918
 CYCLE:     9 TIME:  35.008 TIME LEFT:  1.97D  GRAD.:     0.623 HEAT: -6922.532

     GRADIENT =  0.62264 IS LESS THAN CUTOFF =  1.00000



 -------------------------------------------------------------------------------
 MOZYME  EPS=78.4 PRECISE HTML OUTPUT THREADS=1 PM6-ORG  CHARGE=1 invert
 H163G



     GEOMETRY OPTIMISED USING EIGENVECTOR FOLLOWING (EF).     
     SCF FIELD WAS ACHIEVED                                   


                              PM6-ORG CALCULATION
                                                       MOPAC 
                                                       Fri Sep 20 19:58:50 2024




          FINAL HEAT OF FORMATION =      -6926.28553 KCAL/MOL =  -28979.57867 KJ/MOL
          VAN DER WAALS AREA      =       3493.13 SQUARE ANGSTROMS



          DIELECTRIC ENERGY       =        -26.96942 EV
          COSMO AREA              =       3493.13 SQUARE ANGSTROMS
          COSMO VOLUME            =      10714.33 CUBIC ANGSTROMS

          GRADIENT NORM           =          0.62264          =       0.01735 PER ATOM
          NO. OF FILLED LEVELS    =       1800
          MOLECULAR WEIGHT        =       9311.1446

          MOLECULAR DIMENSIONS (Angstroms)

            Atom       Atom       Distance
            H   564    H   320    38.05369
            H  1055    H    43    29.87435
            O   883    H   423    24.64198


          SCF CALCULATIONS        =         10
 
          WALL-CLOCK TIME         =         39 MINUTES AND 47.188 SECONDS
          COMPUTATION TIME        =         14 MINUTES AND 18.922 SECONDS

           Empirical Formula: C404 H643 N105 O126 S9 Cl  =  1288 atoms


          NET CHARGE ON RESIDUES

      Residue         Charge  Anion or
                              Cation?
      THR A  24       -0.066
      THR A  25       +0.042
      THR A  26       -0.017
      LEU A  27       +0.001
      ASN A  28       +0.023
      CYS A  38       -0.009
      PRO A  39       -0.038
      ARG A  40       +0.963  CATION
      HIS A  41       -0.027
      VAL A  42       +0.051
      ILE A  43       -0.010
      CYS A  44       -0.055
      THR A  45       -0.019
      SER A  46       -0.020
      GLU A  47       -0.952  ANION
      ASP A  48       -0.928  ANION
      MET A  49       -0.077
      LEU A  50       +0.077
      ASN A  51       -0.007
      PRO A  52       +0.041
      ASN A  53       -0.027
      TYR A  54       +0.022
      LEU A  57       -0.004
      MET A  82       +0.001
      ASN A  84       +0.024
      CYS A  85       -0.102
      VAL A  86       +0.051
      LEU A  87       +0.027
      VAL A 114       -0.015
      LEU A 115       -0.016
      ALA A 116       +0.005
      CYS A 117       -0.033
      TYR A 118       +0.085
      ASN A 119       -0.040
      SER A 123       -0.006
      TYR A 126       -0.008
      THR A 135       +0.026
      ILE A 136       -0.003
      LYS A 137       +0.956  CATION
      GLY A 138       +0.051
      SER A 139       -0.069
      PHE A 140       -0.007
      LEU A 141       +0.007
      ASN A 142       +0.073
      GLY A 143       -0.026
      SER A 144       +0.023
      CYS A 145       +0.016
      GLY A 146       -0.020
      SER A 147       -0.047
      VAL A 148       +0.083
      TYR A 161       +0.018
      MET A 162       -0.124
      HIS A 163       +0.095
      HIS A 164       +0.901  CATION
      MET A 165       -0.007
      GLU A 166       -0.845  ANION
      LEU A 167       +0.027
      PRO A 168       -0.023
      THR A 169       -0.020
      GLY A 170       -0.033
      VAL A 171       +0.011
      HIS A 172       +0.040
      ALA A 173       +0.006
      GLY A 174       -0.015
      THR A 175       +0.052
      GLY A 179       -0.045
      ASN A 180       +0.019
      PHE A 181       +0.010
      TYR A 182       +0.046
      PRO A 184       +0.000
      PHE A 185       -0.012
      VAL A 186       -0.002
      ASP A 187       -0.880  ANION
      ARG A 188       +0.911  CATION
      GLN A 189       +0.043
      THR A 190       -0.084
      ALA A 191       +0.051
      GLN A 192       +0.037
      DOD A 403       +0.003
      DOD A 405       -0.011
      DOD A 409       -0.001
      DOD A 422       -0.053
      DOD A 446       -0.012
      DOD A 447       -0.024
      DOD A 449       +0.004
      DOD A 451       -0.003
      SER B   1       +0.782  CATION
      GLY B   2       +0.049
      PHE B   3       +0.089
      LIG C 452       +0.003
 


                   Salt Bridges Found (Up to 8.0 Angstroms)

     No.          Cationic site                            Anionic site                Dist. (Angstroms)

      1  (HETATM 1214  N   SER B   1)    B1(+)    (ATOM    853  OE1 GLU A 166)  A166(-)      2.56
      2  (ATOM    111  NE  ARG A  40)   A40(+)    (ATOM   1101  OD1 ASP A 187)  A187(-)      2.63
      3  (ATOM    817  ND1 HIS A 164)  A164(+)    (ATOM   1102  OD2 ASP A 187)  A187(-)      5.52
      4  (ATOM    616  NZ  LYS A 137)  A137(+)    (ATOM    853  OE1 GLU A 166)  A166(-)      5.90


 DIPOLE           X         Y         Z       TOTAL
 POINT-CHG.    45.061   101.610  -140.141   178.870
 HYBRID         3.308     7.894    -1.828     8.752
 SUM           48.369   109.504  -141.969   185.703

 **********************
 *                    *
 * JOB ENDED NORMALLY *
 *                    *
 **********************



 TOTAL JOB TIME:          2387.30 SECONDS

 == MOPAC DONE ==
