 *******************************************************************************
 **                                                                           **
 **                              MOPAC                                        **
 **                                                                           **
 *******************************************************************************
 **          Digital Object Identifier (DOI): 10.5281/zenodo.6511958          **
 **    Visit the DOI location for information on how to cite this program.    **
 *******************************************************************************

                              PM6-ORG CALCULATION RESULTS

 *******************************************************************************
 *  CALCULATION DONE:                                Fri Sep 20 19:20:33 2024  *
 *  PM6-ORG    - The PM6-ORG Hamiltonian to be used
 *  INVERT     - REVERSE ALL OPTIMIZATION FLAGS
 *  MOZYME     - USE LOCALIZED M.O.s IN SOLVING THE SCF EQUATIONS
 *
 *
 *
 *                 CHARGE ON SYSTEM = +2
 *
 *
 *
 *  EPS=78.4   - USE ANDREAS KLAMT'S COSMO IMPLICIT SOLVATION MODEL
 *  PRECISE    - TIGHTER CRITERIA TO BE USED
 *  THREADS    - INACTIVE (THREAD CONTROLS DISABLED)
 *  T=         - A TIME OF 172800.0 SECONDS REQUESTED
 *  DUMP=N     - RESTART FILE WRITTEN EVERY 7200.0 SECONDS REQUESTED
 *  OUTPUT     - MINIMIZE OUTPUT
 *  HTML       - WRITE HTML SCRIPT TO READ PDB FILE USING JSMOL
 *******************************************************************************
MOZYME  EPS=78.4 PRECISE HTML OUTPUT THREADS=1 PM6-ORG  CHARGE=2 invert
 N142G

 

 General Reference for PM6-ORG:
 "A semiempirical method optimized for modeling proteins", J. J. P. Stewart and A. C. Stewart
 Journal of Molecular Modeling (2023) 29:284 https://doi.org/10.1007/s00894-023-05695-1

           Empirical Formula: C406 H645 N106 O125 S9 Cl  =  1292 atoms

 

   Ion     <--------PDB Label------->   Charge     Distance        PDB label for Salt Bridge   Charge

    1     (ATOM    111  NE  ARG A  40)   +1         2.63         (ATOM   1112  OD1 ASP A 187)   -1
    2     (ATOM    813  NE2 HIS A 163)   +1         2.87         (ATOM    865  OE2 GLU A 166)   -1

                 All other ions
 
    1     (ATOM    616  NZ  LYS A 137)   +1
    2     (ATOM    830  CE1 HIS A 164)   +1
    3     (ATOM   1126  CZ  ARG A 188)   +1
    4     (HETATM 1225  N   SER B   1)   +1
 
    1     (ATOM    224  OE2 GLU A  47)   -1
    2     (ATOM    238  OD2 ASP A  48)   -1

          COMPUTED CHARGE ON SYSTEM: +2, THIS IS THE SAME AS THE CHARGE DEFINED IN THE DATA-SET.

          Geometry optimization using EF

          DIAGONAL MATRIX USED AS START HESSIAN

 CYCLE:     1 TIME: 859.508 TIME LEFT:  1.99D  GRAD.:   130.021 HEAT: -6754.697
 CYCLE:     2 TIME:  94.648 TIME LEFT:  1.99D  GRAD.:    99.582 HEAT: -6777.963
 CYCLE:     3 TIME: 210.914 TIME LEFT:  1.99D  GRAD.:   137.932 HEAT: -6778.313
 CYCLE:     4 TIME: 273.695 TIME LEFT:  1.98D  GRAD.:    29.190 HEAT: -6789.401
 CYCLE:     5 TIME: 230.594 TIME LEFT:  1.98D  GRAD.:     6.669 HEAT: -6778.218
 CYCLE:     6 TIME: 266.555 TIME LEFT:  1.98D  GRAD.:     2.659 HEAT: -6782.606
 CYCLE:     7 TIME: 237.805 TIME LEFT:  1.97D  GRAD.:     2.268 HEAT: -6790.236
 CYCLE:     8 TIME:  67.344 TIME LEFT:  1.97D  GRAD.:     1.069 HEAT: -6790.316
 CYCLE:     9 TIME:  25.367 TIME LEFT:  1.97D  GRAD.:     0.359 HEAT: -6790.327

     GRADIENT =  0.35857 IS LESS THAN CUTOFF =  1.00000



 -------------------------------------------------------------------------------
 MOZYME  EPS=78.4 PRECISE HTML OUTPUT THREADS=1 PM6-ORG  CHARGE=2 invert
 N142G



     GEOMETRY OPTIMISED USING EIGENVECTOR FOLLOWING (EF).     
     SCF FIELD WAS ACHIEVED                                   


                              PM6-ORG CALCULATION
                                                       MOPAC 
                                                       Fri Sep 20 19:58:40 2024




          FINAL HEAT OF FORMATION =      -6790.32630 KCAL/MOL =  -28410.72524 KJ/MOL
          VAN DER WAALS AREA      =       3444.84 SQUARE ANGSTROMS



          DIELECTRIC ENERGY       =        -29.05886 EV
          COSMO AREA              =       3444.84 SQUARE ANGSTROMS
          COSMO VOLUME            =      10684.82 CUBIC ANGSTROMS

          GRADIENT NORM           =          0.35857          =       0.00998 PER ATOM
          NO. OF FILLED LEVELS    =       1804
          MOLECULAR WEIGHT        =       9335.1897

          MOLECULAR DIMENSIONS (Angstroms)

            Atom       Atom       Distance
            H   564    H   320    38.05369
            H  1059    H    43    29.87435
            O   887    H   423    24.64198


          SCF CALCULATIONS        =         10
 
          WALL-CLOCK TIME         =         38 MINUTES AND 7.008 SECONDS
          COMPUTATION TIME        =         16 MINUTES AND 22.531 SECONDS

           Empirical Formula: C406 H645 N106 O125 S9 Cl  =  1292 atoms


          NET CHARGE ON RESIDUES

      Residue         Charge  Anion or
                              Cation?
      THR A  24       -0.059
      THR A  25       +0.028
      THR A  26       -0.004
      LEU A  27       -0.002
      ASN A  28       +0.022
      CYS A  38       -0.001
      PRO A  39       -0.050
      ARG A  40       +0.971  CATION
      HIS A  41       -0.034
      VAL A  42       +0.051
      ILE A  43       -0.005
      CYS A  44       -0.060
      THR A  45       -0.016
      SER A  46       -0.022
      GLU A  47       -0.949  ANION
      ASP A  48       -0.926  ANION
      MET A  49       -0.089
      LEU A  50       +0.079
      ASN A  51       -0.005
      PRO A  52       +0.037
      ASN A  53       -0.025
      TYR A  54       +0.022
      LEU A  57       -0.004
      MET A  82       +0.002
      ASN A  84       +0.029
      CYS A  85       -0.110
      VAL A  86       +0.053
      LEU A  87       +0.029
      VAL A 114       -0.009
      LEU A 115       -0.023
      ALA A 116       +0.006
      CYS A 117       -0.041
      TYR A 118       +0.095
      ASN A 119       -0.040
      SER A 123       -0.005
      TYR A 126       -0.008
      THR A 135       +0.034
      ILE A 136       -0.016
      LYS A 137       +0.978  CATION
      GLY A 138       +0.031
      SER A 139       -0.048
      PHE A 140       -0.027
      LEU A 141       -0.013
      ASN A 142       +0.117
      GLY A 143       -0.036
      SER A 144       +0.018
      CYS A 145       -0.001
      GLY A 146       +0.001
      SER A 147       -0.081
      VAL A 148       +0.102
      TYR A 161       +0.030
      MET A 162       -0.098
      HIS A 163       +1.030  CATION
      HIS A 164       +0.927  CATION
      MET A 165       -0.045
      GLU A 166       -0.836  ANION
      LEU A 167       +0.030
      PRO A 168       -0.012
      THR A 169       -0.014
      GLY A 170       -0.034
      VAL A 171       +0.021
      HIS A 172       +0.017
      ALA A 173       -0.025
      GLY A 174       +0.010
      THR A 175       +0.063
      GLY A 179       -0.045
      ASN A 180       +0.022
      PHE A 181       +0.009
      TYR A 182       +0.045
      PRO A 184       +0.005
      PHE A 185       -0.016
      VAL A 186       -0.001
      ASP A 187       -0.885  ANION
      ARG A 188       +0.911  CATION
      GLN A 189       +0.045
      THR A 190       -0.085
      ALA A 191       +0.057
      GLN A 192       +0.033
      DOD A 403       +0.003
      DOD A 405       -0.011
      DOD A 409       -0.001
      DOD A 422       -0.053
      DOD A 446       -0.012
      DOD A 447       -0.024
      DOD A 449       +0.004
      DOD A 451       -0.003
      SER B   1       +0.777  CATION
      GLY B   2       +0.051
      PHE B   3       +0.093
      LIG C 452       +0.020
 


                   Salt Bridges Found (Up to 8.0 Angstroms)

     No.          Cationic site                            Anionic site                Dist. (Angstroms)

      1  (HETATM 1218  N   SER B   1)    B1(+)    (ATOM    857  OE1 GLU A 166)  A166(-)      2.56
      2  (ATOM    111  NE  ARG A  40)   A40(+)    (ATOM   1105  OD1 ASP A 187)  A187(-)      2.63
      3  (ATOM    806  NE2 HIS A 163)  A163(+)    (ATOM    858  OE2 GLU A 166)  A166(-)      2.87
      4  (ATOM    821  ND1 HIS A 164)  A164(+)    (ATOM   1106  OD2 ASP A 187)  A187(-)      5.52
      5  (ATOM    616  NZ  LYS A 137)  A137(+)    (ATOM    857  OE1 GLU A 166)  A166(-)      5.90


 DIPOLE           X         Y         Z       TOTAL
 POINT-CHG.    36.231   110.384  -159.998   197.729
 HYBRID         2.801     8.503    -2.562     9.312
 SUM           39.032   118.888  -162.560   205.143

 **********************
 *                    *
 * JOB ENDED NORMALLY *
 *                    *
 **********************



 TOTAL JOB TIME:          2287.79 SECONDS

 == MOPAC DONE ==
