 *******************************************************************************
 **                                                                           **
 **                              MOPAC                                        **
 **                                                                           **
 *******************************************************************************
 **          Digital Object Identifier (DOI): 10.5281/zenodo.6511958          **
 **    Visit the DOI location for information on how to cite this program.    **
 *******************************************************************************

                              PM6-ORG CALCULATION RESULTS

 *******************************************************************************
 *  CALCULATION DONE:                                Fri Sep 20 19:19:34 2024  *
 *  PM6-ORG    - The PM6-ORG Hamiltonian to be used
 *  INVERT     - REVERSE ALL OPTIMIZATION FLAGS
 *  MOZYME     - USE LOCALIZED M.O.s IN SOLVING THE SCF EQUATIONS
 *
 *
 *
 *                 CHARGE ON SYSTEM = +2
 *
 *
 *
 *  EPS=78.4   - USE ANDREAS KLAMT'S COSMO IMPLICIT SOLVATION MODEL
 *  LET        - OVERRIDE SOME SAFETY CHECKS
 *  PRECISE    - TIGHTER CRITERIA TO BE USED
 *  THREADS    - INACTIVE (THREAD CONTROLS DISABLED)
 *  T=         - A TIME OF 172800.0 SECONDS REQUESTED
 *  DUMP=N     - RESTART FILE WRITTEN EVERY 7200.0 SECONDS REQUESTED
 *  OUTPUT     - MINIMIZE OUTPUT
 *  HTML       - WRITE HTML SCRIPT TO READ PDB FILE USING JSMOL
 *******************************************************************************
MOZYME  EPS=78.4 PRECISE HTML OUTPUT THREADS=1 PM6-ORG  CHARGE=2 invert let
 Q189G (No ligand)

 

 General Reference for PM6-ORG:
 "A semiempirical method optimized for modeling proteins", J. J. P. Stewart and A. C. Stewart
 Journal of Molecular Modeling (2023) 29:284 https://doi.org/10.1007/s00894-023-05695-1

           Empirical Formula: C388 H630 N104 O124 S9  =  1255 atoms

 

   Ion     <--------PDB Label------->   Charge     Distance        PDB label for Salt Bridge   Charge

    1     (ATOM    111  NE  ARG A  40)   +1         2.63         (ATOM   1112  OD1 ASP A 187)   -1
    2     (ATOM    813  NE2 HIS A 163)   +1         2.87         (ATOM    865  OE2 GLU A 166)   -1

                 All other ions
 
    1     (ATOM    616  NZ  LYS A 137)   +1
    2     (ATOM    830  CE1 HIS A 164)   +1
    3     (ATOM   1126  CZ  ARG A 188)   +1
    4     (HETATM 1225  N   SER B   1)   +1
 
    1     (ATOM    224  OE2 GLU A  47)   -1
    2     (ATOM    238  OD2 ASP A  48)   -1

          COMPUTED CHARGE ON SYSTEM: +2, THIS IS THE SAME AS THE CHARGE DEFINED IN THE DATA-SET.

          Geometry optimization using EF

          DIAGONAL MATRIX USED AS START HESSIAN

 CYCLE:     1 TIME: 769.945 TIME LEFT:  1.99D  GRAD.:   132.130 HEAT: -6702.416
 CYCLE:     2 TIME: 237.875 TIME LEFT:  1.99D  GRAD.:   108.100 HEAT: -6722.994
 CYCLE:     3 TIME: 167.719 TIME LEFT:  1.99D  GRAD.:    14.288 HEAT: -6739.073
 CYCLE:     4 TIME: 112.602 TIME LEFT:  1.99D  GRAD.:     9.870 HEAT: -6739.450
 CYCLE:     5 TIME: 129.656 TIME LEFT:  1.98D  GRAD.:     7.036 HEAT: -6739.706
 CYCLE:     6 TIME: 172.844 TIME LEFT:  1.98D  GRAD.:     2.574 HEAT: -6739.826
 CYCLE:     7 TIME:  62.781 TIME LEFT:  1.98D  GRAD.:     1.445 HEAT: -6739.834
 CYCLE:     8 TIME:  84.039 TIME LEFT:  1.98D  GRAD.:     1.287 HEAT: -6739.838
 CYCLE:     9 TIME: 247.758 TIME LEFT:  1.98D  GRAD.:     0.772 HEAT: -6739.840

     GRADIENT =  0.77157 IS LESS THAN CUTOFF =  1.00000



 -------------------------------------------------------------------------------
 MOZYME  EPS=78.4 PRECISE HTML OUTPUT THREADS=1 PM6-ORG  CHARGE=2 invert let
 Q189G (No ligand)



     GEOMETRY OPTIMISED USING EIGENVECTOR FOLLOWING (EF).     
     SCF FIELD WAS ACHIEVED                                   


                              PM6-ORG CALCULATION
                                                       MOPAC 
                                                       Fri Sep 20 19:54:29 2024




          FINAL HEAT OF FORMATION =      -6739.83954 KCAL/MOL =  -28199.48865 KJ/MOL
          VAN DER WAALS AREA      =       3543.55 SQUARE ANGSTROMS



          DIELECTRIC ENERGY       =        -29.85959 EV
          COSMO AREA              =       3543.55 SQUARE ANGSTROMS
          COSMO VOLUME            =      10431.33 CUBIC ANGSTROMS

          GRADIENT NORM           =          0.77157          =       0.02178 PER ATOM
          NO. OF FILLED LEVELS    =       1749
          MOLECULAR WEIGHT        =       9024.4074

          MOLECULAR DIMENSIONS (Angstroms)

            Atom       Atom       Distance
            H   564    H   320    38.05369
            H  1066    H    43    29.87435
            O   894    H   423    24.64198


          SCF CALCULATIONS        =         10
 
          WALL-CLOCK TIME         =         34 MINUTES AND 55.008 SECONDS
          COMPUTATION TIME        =         10 MINUTES AND 25.344 SECONDS

           Empirical Formula: C388 H630 N104 O124 S9  =  1255 atoms


          NET CHARGE ON RESIDUES

      Residue         Charge  Anion or
                              Cation?
      THR A  24       -0.064
      THR A  25       +0.040
      THR A  26       -0.013
      LEU A  27       +0.001
      ASN A  28       +0.021
      CYS A  38       -0.002
      PRO A  39       -0.048
      ARG A  40       +0.970  CATION
      HIS A  41       -0.035
      VAL A  42       +0.051
      ILE A  43       -0.008
      CYS A  44       -0.058
      THR A  45       -0.020
      SER A  46       +0.005
      GLU A  47       -0.959  ANION
      ASP A  48       -0.934  ANION
      MET A  49       -0.087
      LEU A  50       +0.089
      ASN A  51       -0.012
      PRO A  52       +0.038
      ASN A  53       -0.025
      TYR A  54       +0.021
      LEU A  57       -0.004
      MET A  82       +0.002
      ASN A  84       +0.029
      CYS A  85       -0.110
      VAL A  86       +0.053
      LEU A  87       +0.029
      VAL A 114       -0.009
      LEU A 115       -0.023
      ALA A 116       +0.006
      CYS A 117       -0.041
      TYR A 118       +0.093
      ASN A 119       -0.039
      SER A 123       -0.005
      TYR A 126       -0.008
      THR A 135       +0.035
      ILE A 136       -0.016
      LYS A 137       +0.979  CATION
      GLY A 138       +0.032
      SER A 139       -0.046
      PHE A 140       -0.037
      LEU A 141       -0.008
      ASN A 142       +0.108
      GLY A 143       -0.017
      SER A 144       +0.014
      CYS A 145       +0.007
      GLY A 146       +0.000
      SER A 147       -0.082
      VAL A 148       +0.102
      TYR A 161       +0.030
      MET A 162       -0.096
      HIS A 163       +1.032  CATION
      HIS A 164       +0.927  CATION
      MET A 165       -0.051
      GLU A 166       -0.829  ANION
      LEU A 167       +0.030
      PRO A 168       -0.006
      THR A 169       -0.014
      GLY A 170       -0.034
      VAL A 171       +0.022
      HIS A 172       +0.017
      ALA A 173       -0.029
      GLY A 174       +0.012
      THR A 175       +0.064
      GLY A 179       -0.045
      ASN A 180       +0.022
      PHE A 181       +0.009
      TYR A 182       +0.045
      PRO A 184       +0.005
      PHE A 185       -0.016
      VAL A 186       +0.002
      ASP A 187       -0.905  ANION
      ARG A 188       +0.899  CATION
      GLN A 189       +0.074
      THR A 190       -0.089
      ALA A 191       +0.050
      GLN A 192       +0.033
      DOD A 403       +0.003
      DOD A 405       -0.011
      DOD A 409       -0.001
      DOD A 422       -0.053
      DOD A 446       -0.012
      DOD A 447       -0.024
      DOD A 449       +0.004
      DOD A 451       -0.003
      SER B   1       +0.782  CATION
      GLY B   2       +0.052
      PHE B   3       +0.091
 


                   Salt Bridges Found (Up to 8.0 Angstroms)

     No.          Cationic site                            Anionic site                Dist. (Angstroms)

      1  (HETATM 1215  N   SER B   1)    B1(+)    (ATOM    864  OE1 GLU A 166)  A166(-)      2.56
      2  (ATOM    111  NE  ARG A  40)   A40(+)    (ATOM   1112  OD1 ASP A 187)  A187(-)      2.63
      3  (ATOM    813  NE2 HIS A 163)  A163(+)    (ATOM    865  OE2 GLU A 166)  A166(-)      2.87
      4  (ATOM    828  ND1 HIS A 164)  A164(+)    (ATOM   1113  OD2 ASP A 187)  A187(-)      5.52
      5  (ATOM    616  NZ  LYS A 137)  A137(+)    (ATOM    864  OE1 GLU A 166)  A166(-)      5.90


 DIPOLE           X         Y         Z       TOTAL
 POINT-CHG.    32.572   110.917  -162.432   199.368
 HYBRID         2.812     8.313    -3.264     9.363
 SUM           35.384   119.230  -165.696   207.179

 **********************
 *                    *
 * JOB ENDED NORMALLY *
 *                    *
 **********************



 TOTAL JOB TIME:          2095.29 SECONDS

 == MOPAC DONE ==
