 *******************************************************************************
 **                                                                           **
 **                              MOPAC                                        **
 **                                                                           **
 *******************************************************************************
 **          Digital Object Identifier (DOI): 10.5281/zenodo.6511958          **
 **    Visit the DOI location for information on how to cite this program.    **
 *******************************************************************************

                              PM6-ORG CALCULATION RESULTS

 *******************************************************************************
 *  CALCULATION DONE:                                Fri Sep 20 19:19:13 2024  *
 *  PM6-ORG    - The PM6-ORG Hamiltonian to be used
 *  INVERT     - REVERSE ALL OPTIMIZATION FLAGS
 *  MOZYME     - USE LOCALIZED M.O.s IN SOLVING THE SCF EQUATIONS
 *
 *
 *
 *                 CHARGE ON SYSTEM = +1
 *
 *
 *
 *  EPS=78.4   - USE ANDREAS KLAMT'S COSMO IMPLICIT SOLVATION MODEL
 *  LET        - OVERRIDE SOME SAFETY CHECKS
 *  PRECISE    - TIGHTER CRITERIA TO BE USED
 *  THREADS    - INACTIVE (THREAD CONTROLS DISABLED)
 *  T=         - A TIME OF 172800.0 SECONDS REQUESTED
 *  DUMP=N     - RESTART FILE WRITTEN EVERY 7200.0 SECONDS REQUESTED
 *  OUTPUT     - MINIMIZE OUTPUT
 *  HTML       - WRITE HTML SCRIPT TO READ PDB FILE USING JSMOL
 *******************************************************************************
MOZYME  EPS=78.4 PRECISE HTML OUTPUT THREADS=1 PM6-ORG  CHARGE=1 invert LET
 N188G

 

 General Reference for PM6-ORG:
 "A semiempirical method optimized for modeling proteins", J. J. P. Stewart and A. C. Stewart
 Journal of Molecular Modeling (2023) 29:284 https://doi.org/10.1007/s00894-023-05695-1

           Empirical Formula: C404 H638 N104 O126 S9 Cl  =  1282 atoms

 

   Ion     <--------PDB Label------->   Charge     Distance        PDB label for Salt Bridge   Charge

    1     (ATOM    111  NE  ARG A  40)   +1         2.63         (ATOM   1112  OD1 ASP A 187)   -1
    2     (ATOM    813  NE2 HIS A 163)   +1         2.87         (ATOM    865  OE2 GLU A 166)   -1

                 All other ions
 
    1     (ATOM    616  NZ  LYS A 137)   +1
    2     (ATOM    830  CE1 HIS A 164)   +1
    3     (HETATM 1225  N   SER B   1)   +1
 
    1     (ATOM    224  OE2 GLU A  47)   -1
    2     (ATOM    238  OD2 ASP A  48)   -1

          COMPUTED CHARGE ON SYSTEM: +1, THIS IS THE SAME AS THE CHARGE DEFINED IN THE DATA-SET.

          Geometry optimization using EF

          DIAGONAL MATRIX USED AS START HESSIAN

 CYCLE:     1 TIME: 628.461 TIME LEFT:  1.99D  GRAD.:   128.946 HEAT: -6878.271
 CYCLE:     2 TIME: 183.516 TIME LEFT:  1.99D  GRAD.:   104.848 HEAT: -6898.305
 CYCLE:     3 TIME: 268.945 TIME LEFT:  1.99D  GRAD.:    18.161 HEAT: -6913.289
 CYCLE:     4 TIME:  79.148 TIME LEFT:  1.99D  GRAD.:    13.744 HEAT: -6913.840
 CYCLE:     5 TIME: 319.070 TIME LEFT:  1.98D  GRAD.:     9.802 HEAT: -6914.272
 CYCLE:     6 TIME: 134.078 TIME LEFT:  1.98D  GRAD.:     2.131 HEAT: -6914.502
 CYCLE:     7 TIME: 160.992 TIME LEFT:  1.98D  GRAD.:     0.964 HEAT: -6914.513

     GRADIENT =  0.96426 IS LESS THAN CUTOFF =  1.00000



 -------------------------------------------------------------------------------
 MOZYME  EPS=78.4 PRECISE HTML OUTPUT THREADS=1 PM6-ORG  CHARGE=1 invert LET
 N188G



     GEOMETRY OPTIMISED USING EIGENVECTOR FOLLOWING (EF).     
     SCF FIELD WAS ACHIEVED                                   


                              PM6-ORG CALCULATION
                                                       MOPAC 
                                                       Fri Sep 20 19:51:30 2024




          FINAL HEAT OF FORMATION =      -6914.51292 KCAL/MOL =  -28930.32205 KJ/MOL
          VAN DER WAALS AREA      =       3462.81 SQUARE ANGSTROMS



          DIELECTRIC ENERGY       =        -28.02730 EV
          COSMO AREA              =       3462.81 SQUARE ANGSTROMS
          COSMO VOLUME            =      10590.69 CUBIC ANGSTROMS

          GRADIENT NORM           =          0.96426          =       0.02693 PER ATOM
          NO. OF FILLED LEVELS    =       1795
          MOLECULAR WEIGHT        =       9292.0984

          MOLECULAR DIMENSIONS (Angstroms)

            Atom       Atom       Distance
            H   564    H   320    38.05369
            H  1066    H    43    29.87435
            O   894    H   423    24.64198


          SCF CALCULATIONS        =          8
 
          WALL-CLOCK TIME         =         32 MINUTES AND 17.477 SECONDS
          COMPUTATION TIME        =          8 MINUTES AND 52.422 SECONDS

           Empirical Formula: C404 H638 N104 O126 S9 Cl  =  1282 atoms


          NET CHARGE ON RESIDUES

      Residue         Charge  Anion or
                              Cation?
      THR A  24       -0.063
      THR A  25       +0.040
      THR A  26       -0.015
      LEU A  27       +0.001
      ASN A  28       +0.021
      CYS A  38       -0.003
      PRO A  39       -0.048
      ARG A  40       +0.968  CATION
      HIS A  41       -0.026
      VAL A  42       +0.046
      ILE A  43       -0.009
      CYS A  44       -0.055
      THR A  45       -0.017
      SER A  46       -0.022
      GLU A  47       -0.953  ANION
      ASP A  48       -0.930  ANION
      MET A  49       -0.081
      LEU A  50       +0.091
      ASN A  51       -0.026
      PRO A  52       +0.038
      ASN A  53       -0.029
      TYR A  54       +0.019
      LEU A  57       -0.004
      MET A  82       +0.001
      ASN A  84       +0.027
      CYS A  85       -0.106
      VAL A  86       +0.051
      LEU A  87       +0.028
      VAL A 114       -0.010
      LEU A 115       -0.022
      ALA A 116       +0.006
      CYS A 117       -0.040
      TYR A 118       +0.093
      ASN A 119       -0.039
      SER A 123       -0.005
      TYR A 126       -0.008
      THR A 135       +0.035
      ILE A 136       -0.015
      LYS A 137       +0.977  CATION
      GLY A 138       +0.032
      SER A 139       -0.050
      PHE A 140       -0.025
      LEU A 141       +0.003
      ASN A 142       +0.088
      GLY A 143       -0.015
      SER A 144       +0.011
      CYS A 145       +0.011
      GLY A 146       -0.003
      SER A 147       -0.080
      VAL A 148       +0.100
      TYR A 161       +0.028
      MET A 162       -0.098
      HIS A 163       +1.030  CATION
      HIS A 164       +0.928  CATION
      MET A 165       -0.046
      GLU A 166       -0.833  ANION
      LEU A 167       +0.027
      PRO A 168       -0.011
      THR A 169       -0.015
      GLY A 170       -0.035
      VAL A 171       +0.022
      HIS A 172       +0.015
      ALA A 173       -0.022
      GLY A 174       +0.010
      THR A 175       +0.062
      GLY A 179       -0.045
      ASN A 180       +0.021
      PHE A 181       +0.011
      TYR A 182       +0.044
      PRO A 184       +0.002
      PHE A 185       -0.021
      VAL A 186       +0.007
      ASP A 187       -0.905  ANION
      ARG A 188       -0.051
      GLN A 189       +0.030
      THR A 190       -0.069
      ALA A 191       +0.050
      GLN A 192       +0.031
      DOD A 403       +0.003
      DOD A 405       -0.007
      DOD A 409       -0.001
      DOD A 422       -0.053
      DOD A 446       -0.012
      DOD A 447       -0.024
      DOD A 449       +0.004
      DOD A 451       -0.003
      SER B   1       +0.778  CATION
      GLY B   2       +0.051
      PHE B   3       +0.093
      LIG C 452       +0.013
 


                   Salt Bridges Found (Up to 8.0 Angstroms)

     No.          Cationic site                            Anionic site                Dist. (Angstroms)

      1  (HETATM 1208  N   SER B   1)    B1(+)    (ATOM    864  OE1 GLU A 166)  A166(-)      2.56
      2  (ATOM    111  NE  ARG A  40)   A40(+)    (ATOM   1112  OD1 ASP A 187)  A187(-)      2.63
      3  (ATOM    813  NE2 HIS A 163)  A163(+)    (ATOM    865  OE2 GLU A 166)  A166(-)      2.87
      4  (ATOM    828  ND1 HIS A 164)  A164(+)    (ATOM   1113  OD2 ASP A 187)  A187(-)      5.52
      5  (ATOM    616  NZ  LYS A 137)  A137(+)    (ATOM    864  OE1 GLU A 166)  A166(-)      5.90


 DIPOLE           X         Y         Z       TOTAL
 POINT-CHG.    -7.208    96.363  -199.927   222.055
 HYBRID         0.542     8.347    -4.345     9.426
 SUM           -6.666   104.709  -204.272   229.643

 **********************
 *                    *
 * JOB ENDED NORMALLY *
 *                    *
 **********************



 TOTAL JOB TIME:          1937.90 SECONDS

 == MOPAC DONE ==
