 *******************************************************************************
 **                                                                           **
 **                              MOPAC                                        **
 **                                                                           **
 *******************************************************************************
 **          Digital Object Identifier (DOI): 10.5281/zenodo.6511958          **
 **    Visit the DOI location for information on how to cite this program.    **
 *******************************************************************************

                              PM6-ORG CALCULATION RESULTS

 *******************************************************************************
 *  CALCULATION DONE:                                Fri Sep 20 19:19:53 2024  *
 *  PM6-ORG    - The PM6-ORG Hamiltonian to be used
 *  INVERT     - REVERSE ALL OPTIMIZATION FLAGS
 *  MOZYME     - USE LOCALIZED M.O.s IN SOLVING THE SCF EQUATIONS
 *
 *
 *
 *                 CHARGE ON SYSTEM = +1
 *
 *
 *
 *  EPS=78.4   - USE ANDREAS KLAMT'S COSMO IMPLICIT SOLVATION MODEL
 *  LET        - OVERRIDE SOME SAFETY CHECKS
 *  PRECISE    - TIGHTER CRITERIA TO BE USED
 *  THREADS    - INACTIVE (THREAD CONTROLS DISABLED)
 *  T=         - A TIME OF 172800.0 SECONDS REQUESTED
 *  DUMP=N     - RESTART FILE WRITTEN EVERY 7200.0 SECONDS REQUESTED
 *  OUTPUT     - MINIMIZE OUTPUT
 *  HTML       - WRITE HTML SCRIPT TO READ PDB FILE USING JSMOL
 *******************************************************************************
MOZYME  EPS=78.4 PRECISE HTML OUTPUT THREADS=1 PM6-ORG  CHARGE=1 invert LET
 N188G (No ligand)

 

 General Reference for PM6-ORG:
 "A semiempirical method optimized for modeling proteins", J. J. P. Stewart and A. C. Stewart
 Journal of Molecular Modeling (2023) 29:284 https://doi.org/10.1007/s00894-023-05695-1

           Empirical Formula: C387 H625 N102 O125 S9  =  1248 atoms

 

   Ion     <--------PDB Label------->   Charge     Distance        PDB label for Salt Bridge   Charge

    1     (ATOM    111  NE  ARG A  40)   +1         2.63         (ATOM   1112  OD1 ASP A 187)   -1
    2     (ATOM    813  NE2 HIS A 163)   +1         2.87         (ATOM    865  OE2 GLU A 166)   -1

                 All other ions
 
    1     (ATOM    616  NZ  LYS A 137)   +1
    2     (ATOM    830  CE1 HIS A 164)   +1
    3     (HETATM 1225  N   SER B   1)   +1
 
    1     (ATOM    224  OE2 GLU A  47)   -1
    2     (ATOM    238  OD2 ASP A  48)   -1

          COMPUTED CHARGE ON SYSTEM: +1, THIS IS THE SAME AS THE CHARGE DEFINED IN THE DATA-SET.

          Geometry optimization using EF

          DIAGONAL MATRIX USED AS START HESSIAN

 CYCLE:     1 TIME: 431.031 TIME LEFT:  2.00D  GRAD.:   128.977 HEAT: -6838.292
 CYCLE:     2 TIME: 111.320 TIME LEFT:  1.99D  GRAD.:   104.807 HEAT: -6858.336
 CYCLE:     3 TIME: 316.172 TIME LEFT:  1.99D  GRAD.:    18.256 HEAT: -6873.274
 CYCLE:     4 TIME: 163.109 TIME LEFT:  1.99D  GRAD.:    13.751 HEAT: -6873.827
 CYCLE:     5 TIME: 131.211 TIME LEFT:  1.99D  GRAD.:     9.831 HEAT: -6874.255
 CYCLE:     6 TIME: 291.023 TIME LEFT:  1.98D  GRAD.:     2.126 HEAT: -6874.488
 CYCLE:     7 TIME: 249.914 TIME LEFT:  1.98D  GRAD.:     0.910 HEAT: -6874.500

     GRADIENT =  0.91038 IS LESS THAN CUTOFF =  1.00000



 -------------------------------------------------------------------------------
 MOZYME  EPS=78.4 PRECISE HTML OUTPUT THREADS=1 PM6-ORG  CHARGE=1 invert LET
 N188G (No ligand)



     GEOMETRY OPTIMISED USING EIGENVECTOR FOLLOWING (EF).     
     SCF FIELD WAS ACHIEVED                                   


                              PM6-ORG CALCULATION
                                                       MOPAC 
                                                       Fri Sep 20 19:50:49 2024




          FINAL HEAT OF FORMATION =      -6874.49970 KCAL/MOL =  -28762.90674 KJ/MOL
          VAN DER WAALS AREA      =       3562.65 SQUARE ANGSTROMS



          DIELECTRIC ENERGY       =        -28.69506 EV
          COSMO AREA              =       3562.65 SQUARE ANGSTROMS
          COSMO VOLUME            =      10323.78 CUBIC ANGSTROMS

          GRADIENT NORM           =          0.91038          =       0.02577 PER ATOM
          NO. OF FILLED LEVELS    =       1743
          MOLECULAR WEIGHT        =       8995.3429

          MOLECULAR DIMENSIONS (Angstroms)

            Atom       Atom       Distance
            H   564    H   320    38.05369
            H  1066    H    43    29.87435
            O   894    H   423    24.64198


          SCF CALCULATIONS        =          8
 
          WALL-CLOCK TIME         =         30 MINUTES AND 55.688 SECONDS
          COMPUTATION TIME        =          7 MINUTES AND 28.953 SECONDS

           Empirical Formula: C387 H625 N102 O125 S9  =  1248 atoms


          NET CHARGE ON RESIDUES

      Residue         Charge  Anion or
                              Cation?
      THR A  24       -0.064
      THR A  25       +0.042
      THR A  26       -0.015
      LEU A  27       +0.002
      ASN A  28       +0.020
      CYS A  38       -0.003
      PRO A  39       -0.049
      ARG A  40       +0.970  CATION
      HIS A  41       -0.031
      VAL A  42       +0.048
      ILE A  43       -0.009
      CYS A  44       -0.057
      THR A  45       -0.019
      SER A  46       -0.016
      GLU A  47       -0.955  ANION
      ASP A  48       -0.929  ANION
      MET A  49       -0.083
      LEU A  50       +0.093
      ASN A  51       -0.025
      PRO A  52       +0.037
      ASN A  53       -0.028
      TYR A  54       +0.018
      LEU A  57       -0.004
      MET A  82       +0.002
      ASN A  84       +0.028
      CYS A  85       -0.108
      VAL A  86       +0.052
      LEU A  87       +0.029
      VAL A 114       -0.010
      LEU A 115       -0.023
      ALA A 116       +0.006
      CYS A 117       -0.041
      TYR A 118       +0.093
      ASN A 119       -0.039
      SER A 123       -0.005
      TYR A 126       -0.008
      THR A 135       +0.035
      ILE A 136       -0.016
      LYS A 137       +0.978  CATION
      GLY A 138       +0.032
      SER A 139       -0.048
      PHE A 140       -0.036
      LEU A 141       -0.009
      ASN A 142       +0.109
      GLY A 143       -0.016
      SER A 144       +0.013
      CYS A 145       +0.008
      GLY A 146       +0.000
      SER A 147       -0.081
      VAL A 148       +0.101
      TYR A 161       +0.029
      MET A 162       -0.095
      HIS A 163       +1.031  CATION
      HIS A 164       +0.928  CATION
      MET A 165       -0.050
      GLU A 166       -0.829  ANION
      LEU A 167       +0.030
      PRO A 168       -0.005
      THR A 169       -0.014
      GLY A 170       -0.035
      VAL A 171       +0.023
      HIS A 172       +0.015
      ALA A 173       -0.027
      GLY A 174       +0.012
      THR A 175       +0.063
      GLY A 179       -0.045
      ASN A 180       +0.021
      PHE A 181       +0.011
      TYR A 182       +0.044
      PRO A 184       +0.003
      PHE A 185       -0.021
      VAL A 186       +0.010
      ASP A 187       -0.923  ANION
      ARG A 188       -0.053
      GLN A 189       +0.047
      THR A 190       -0.070
      ALA A 191       +0.049
      GLN A 192       +0.030
      DOD A 403       +0.003
      DOD A 405       -0.007
      DOD A 409       -0.001
      DOD A 422       -0.053
      DOD A 446       -0.011
      DOD A 447       -0.024
      DOD A 449       +0.004
      DOD A 451       -0.003
      SER B   1       +0.782  CATION
      GLY B   2       +0.052
      PHE B   3       +0.091
 


                   Salt Bridges Found (Up to 8.0 Angstroms)

     No.          Cationic site                            Anionic site                Dist. (Angstroms)

      1  (HETATM 1208  N   SER B   1)    B1(+)    (ATOM    864  OE1 GLU A 166)  A166(-)      2.56
      2  (ATOM    111  NE  ARG A  40)   A40(+)    (ATOM   1112  OD1 ASP A 187)  A187(-)      2.63
      3  (ATOM    813  NE2 HIS A 163)  A163(+)    (ATOM    865  OE2 GLU A 166)  A166(-)      2.87
      4  (ATOM    828  ND1 HIS A 164)  A164(+)    (ATOM   1113  OD2 ASP A 187)  A187(-)      5.52
      5  (ATOM    616  NZ  LYS A 137)  A137(+)    (ATOM    864  OE1 GLU A 166)  A166(-)      5.90


 DIPOLE           X         Y         Z       TOTAL
 POINT-CHG.    -1.110    95.216  -207.380   228.196
 HYBRID         1.340     7.920    -4.987     9.455
 SUM            0.230   103.136  -212.367   236.086

 **********************
 *                    *
 * JOB ENDED NORMALLY *
 *                    *
 **********************



 TOTAL JOB TIME:          1856.20 SECONDS

 == MOPAC DONE ==
