 *******************************************************************************
 **                                                                           **
 **                              MOPAC                                        **
 **                                                                           **
 *******************************************************************************
 **          Digital Object Identifier (DOI): 10.5281/zenodo.6511958          **
 **    Visit the DOI location for information on how to cite this program.    **
 *******************************************************************************

                              PM6-ORG CALCULATION RESULTS

 *******************************************************************************
 *  CALCULATION DONE:                                Fri Sep 20 19:20:29 2024  *
 *  PM6-ORG    - The PM6-ORG Hamiltonian to be used
 *  INVERT     - REVERSE ALL OPTIMIZATION FLAGS
 *  MOZYME     - USE LOCALIZED M.O.s IN SOLVING THE SCF EQUATIONS
 *
 *
 *
 *                 CHARGE ON SYSTEM = +2
 *
 *
 *
 *  EPS=78.4   - USE ANDREAS KLAMT'S COSMO IMPLICIT SOLVATION MODEL
 *  LET        - OVERRIDE SOME SAFETY CHECKS
 *  PRECISE    - TIGHTER CRITERIA TO BE USED
 *  THREADS    - INACTIVE (THREAD CONTROLS DISABLED)
 *  T=         - A TIME OF 172800.0 SECONDS REQUESTED
 *  DUMP=N     - RESTART FILE WRITTEN EVERY 7200.0 SECONDS REQUESTED
 *  OUTPUT     - MINIMIZE OUTPUT
 *  HTML       - WRITE HTML SCRIPT TO READ PDB FILE USING JSMOL
 *******************************************************************************
MOZYME  EPS=78.4 PRECISE HTML OUTPUT THREADS=1 PM6-ORG  CHARGE=2 invert let
 T25G

 

 General Reference for PM6-ORG:
 "A semiempirical method optimized for modeling proteins", J. J. P. Stewart and A. C. Stewart
 Journal of Molecular Modeling (2023) 29:284 https://doi.org/10.1007/s00894-023-05695-1

           Empirical Formula: C406 H644 N107 O125 S9 Cl  =  1292 atoms

 

   Ion     <--------PDB Label------->   Charge     Distance        PDB label for Salt Bridge   Charge

    1     (ATOM    111  NE  ARG A  40)   +1         2.63         (ATOM   1112  OD1 ASP A 187)   -1
    2     (ATOM    813  NE2 HIS A 163)   +1         2.87         (ATOM    865  OE2 GLU A 166)   -1

                 All other ions
 
    1     (ATOM    616  NZ  LYS A 137)   +1
    2     (ATOM    830  CE1 HIS A 164)   +1
    3     (ATOM   1126  CZ  ARG A 188)   +1
    4     (HETATM 1225  N   SER B   1)   +1
 
    1     (ATOM    224  OE2 GLU A  47)   -1
    2     (ATOM    238  OD2 ASP A  48)   -1

          COMPUTED CHARGE ON SYSTEM: +2, THIS IS THE SAME AS THE CHARGE DEFINED IN THE DATA-SET.

          Geometry optimization using EF

          DIAGONAL MATRIX USED AS START HESSIAN

 CYCLE:     1 TIME: 884.188 TIME LEFT:  1.99D  GRAD.:   134.933 HEAT: -6744.929
 CYCLE:     2 TIME: 273.742 TIME LEFT:  1.99D  GRAD.:   110.683 HEAT: -6767.545
 CYCLE:     3 TIME: 236.219 TIME LEFT:  1.98D  GRAD.:    15.489 HEAT: -6784.719
 CYCLE:     4 TIME: 179.609 TIME LEFT:  1.98D  GRAD.:    11.163 HEAT: -6785.121
 CYCLE:     5 TIME:  84.008 TIME LEFT:  1.98D  GRAD.:     4.946 HEAT: -6785.427
 CYCLE:     6 TIME: 230.656 TIME LEFT:  1.98D  GRAD.:     3.521 HEAT: -6785.465
 CYCLE:     7 TIME: 151.359 TIME LEFT:  1.98D  GRAD.:     2.206 HEAT: -6785.596
 CYCLE:     8 TIME:  70.742 TIME LEFT:  1.98D  GRAD.:     1.192 HEAT: -6785.612
 CYCLE:     9 TIME:  67.336 TIME LEFT:  1.97D  GRAD.:     0.618 HEAT: -6785.618

     GRADIENT =  0.61802 IS LESS THAN CUTOFF =  1.00000



 -------------------------------------------------------------------------------
 MOZYME  EPS=78.4 PRECISE HTML OUTPUT THREADS=1 PM6-ORG  CHARGE=2 invert let
 T25G



     GEOMETRY OPTIMISED USING EIGENVECTOR FOLLOWING (EF).     
     SCF FIELD WAS ACHIEVED                                   


                              PM6-ORG CALCULATION
                                                       MOPAC 
                                                       Fri Sep 20 19:57:36 2024




          FINAL HEAT OF FORMATION =      -6785.61600 KCAL/MOL =  -28391.01733 KJ/MOL
          VAN DER WAALS AREA      =       3473.13 SQUARE ANGSTROMS



          DIELECTRIC ENERGY       =        -29.29657 EV
          COSMO AREA              =       3473.13 SQUARE ANGSTROMS
          COSMO VOLUME            =      10700.68 CUBIC ANGSTROMS

          GRADIENT NORM           =          0.61802          =       0.01719 PER ATOM
          NO. OF FILLED LEVELS    =       1806
          MOLECULAR WEIGHT        =       9348.1885

          MOLECULAR DIMENSIONS (Angstroms)

            Atom       Atom       Distance
            H   557    H   313    38.05369
            H  1059    H    36    29.87435
            O   887    H   416    24.64198


          SCF CALCULATIONS        =         10
 
          WALL-CLOCK TIME         =         37 MINUTES AND 6.812 SECONDS
          COMPUTATION TIME        =         11 MINUTES AND 13.219 SECONDS

           Empirical Formula: C406 H644 N107 O125 S9 Cl  =  1292 atoms


          NET CHARGE ON RESIDUES

      Residue         Charge  Anion or
                              Cation?
      THR A  24       -0.079
      THR A  25       +0.068
      THR A  26       -0.023
      LEU A  27       +0.004
      ASN A  28       +0.020
      CYS A  38       -0.005
      PRO A  39       -0.044
      ARG A  40       +0.964  CATION
      HIS A  41       -0.015
      VAL A  42       +0.044
      ILE A  43       -0.018
      CYS A  44       -0.040
      THR A  45       -0.028
      SER A  46       -0.026
      GLU A  47       -0.950  ANION
      ASP A  48       -0.926  ANION
      MET A  49       -0.090
      LEU A  50       +0.079
      ASN A  51       -0.006
      PRO A  52       +0.039
      ASN A  53       -0.026
      TYR A  54       +0.022
      LEU A  57       -0.004
      MET A  82       +0.002
      ASN A  84       +0.028
      CYS A  85       -0.108
      VAL A  86       +0.052
      LEU A  87       +0.029
      VAL A 114       -0.010
      LEU A 115       -0.022
      ALA A 116       +0.006
      CYS A 117       -0.040
      TYR A 118       +0.092
      ASN A 119       -0.039
      SER A 123       -0.005
      TYR A 126       -0.008
      THR A 135       +0.034
      ILE A 136       -0.015
      LYS A 137       +0.978  CATION
      GLY A 138       +0.032
      SER A 139       -0.049
      PHE A 140       -0.026
      LEU A 141       +0.004
      ASN A 142       +0.078
      GLY A 143       -0.004
      SER A 144       +0.008
      CYS A 145       +0.014
      GLY A 146       -0.005
      SER A 147       -0.080
      VAL A 148       +0.100
      TYR A 161       +0.029
      MET A 162       -0.098
      HIS A 163       +1.032  CATION
      HIS A 164       +0.928  CATION
      MET A 165       -0.048
      GLU A 166       -0.832  ANION
      LEU A 167       +0.029
      PRO A 168       -0.013
      THR A 169       -0.014
      GLY A 170       -0.034
      VAL A 171       +0.021
      HIS A 172       +0.017
      ALA A 173       -0.023
      GLY A 174       +0.010
      THR A 175       +0.063
      GLY A 179       -0.045
      ASN A 180       +0.022
      PHE A 181       +0.009
      TYR A 182       +0.045
      PRO A 184       +0.004
      PHE A 185       -0.016
      VAL A 186       -0.002
      ASP A 187       -0.883  ANION
      ARG A 188       +0.910  CATION
      GLN A 189       +0.044
      THR A 190       -0.085
      ALA A 191       +0.056
      GLN A 192       +0.034
      DOD A 403       +0.003
      DOD A 405       -0.011
      DOD A 409       -0.001
      DOD A 422       -0.053
      DOD A 446       -0.012
      DOD A 447       -0.024
      DOD A 449       +0.004
      DOD A 451       -0.003
      SER B   1       +0.778  CATION
      GLY B   2       +0.051
      PHE B   3       +0.093
      LIG C 452       +0.013
 


                   Salt Bridges Found (Up to 8.0 Angstroms)

     No.          Cationic site                            Anionic site                Dist. (Angstroms)

      1  (HETATM 1218  N   SER B   1)    B1(+)    (ATOM    857  OE1 GLU A 166)  A166(-)      2.56
      2  (ATOM    104  NE  ARG A  40)   A40(+)    (ATOM   1105  OD1 ASP A 187)  A187(-)      2.63
      3  (ATOM    806  NE2 HIS A 163)  A163(+)    (ATOM    858  OE2 GLU A 166)  A166(-)      2.87
      4  (ATOM    821  ND1 HIS A 164)  A164(+)    (ATOM   1106  OD2 ASP A 187)  A187(-)      5.52
      5  (ATOM    609  NZ  LYS A 137)  A137(+)    (ATOM    857  OE1 GLU A 166)  A166(-)      5.90


 DIPOLE           X         Y         Z       TOTAL
 POINT-CHG.    31.457   112.609  -154.365   193.646
 HYBRID         2.443     8.826    -2.407     9.469
 SUM           33.900   121.435  -156.771   201.179

 **********************
 *                    *
 * JOB ENDED NORMALLY *
 *                    *
 **********************



 TOTAL JOB TIME:          2226.92 SECONDS

 == MOPAC DONE ==
